Component: ARM Compiler 5.06 update 6 (build 750) Tool: armlink [4d35ed]

==============================================================================

Section Cross References

    main.o(i.init_all) refers to sys.o(i.NVIC_Configuration) for NVIC_Configuration
    main.o(i.init_all) refers to delay.o(i.delay_init) for delay_init
    main.o(i.init_all) refers to oled1.o(i.OLED_Init) for OLED_Init
    main.o(i.init_all) refers to adc.o(i.Adc_Init) for Adc_Init
    main.o(i.main) refers to main.o(i.init_all) for init_all
    main.o(i.main) refers to timer.o(i.Motor_PWM_Init) for Motor_PWM_Init
    main.o(i.main) refers to timer.o(i.Servo_PWM_Init) for Servo_PWM_Init
    main.o(i.main) refers to timer.o(i.TIM5_Ctrl_Init) for TIM5_Ctrl_Init
    main.o(i.main) refers to timer_s.o(i.Timerx_Init_s) for Timerx_Init_s
    main.o(i.main) refers to ultrasonicwave.o(i.UltrasonicWave_Configuration) for UltrasonicWave_Configuration
    main.o(i.main) refers to key.o(i.keyInit) for keyInit
    main.o(i.main) refers to led.o(i.IO_path) for IO_path
    main.o(i.main) refers to iic_color.o(i.I2C_GPIO_Config) for I2C_GPIO_Config
    main.o(i.main) refers to delay.o(i.delay_ms) for delay_ms
    main.o(i.main) refers to ultrasonicwave.o(i.UltrasonicWave_StartMeasure) for UltrasonicWave_StartMeasure
    main.o(i.main) refers to oled1.o(i.OLED_ShowString) for OLED_ShowString
    main.o(i.main) refers to ffix.o(x$fpl$ffix) for __aeabi_f2iz
    main.o(i.main) refers to oled1.o(i.OLED_ShowNum) for OLED_ShowNum
    main.o(i.main) refers to fflt_clz.o(x$fpl$fflt) for __aeabi_i2f
    main.o(i.main) refers to faddsub_clz.o(x$fpl$frsb) for __aeabi_frsub
    main.o(i.main) refers to fmul.o(x$fpl$fmul) for __aeabi_fmul
    main.o(i.main) refers to oled1.o(i.OLED_ShowChar) for OLED_ShowChar
    main.o(i.main) refers to key.o(i.KEY_Scan) for KEY_Scan
    main.o(i.main) refers to oled1.o(i.OLED_Clear) for OLED_Clear
    main.o(i.main) refers to iic_color.o(i.Single_ReadI2C) for Single_ReadI2C
    main.o(i.main) refers to main.o(.data) for Motor_A
    system_stm32f10x.o(i.SetSysClock) refers to system_stm32f10x.o(i.SetSysClockTo72) for SetSysClockTo72
    system_stm32f10x.o(i.SystemCoreClockUpdate) refers to system_stm32f10x.o(.data) for SystemCoreClock
    system_stm32f10x.o(i.SystemInit) refers to system_stm32f10x.o(i.SetSysClock) for SetSysClock
    stm32f10x_adc.o(i.ADC_DeInit) refers to stm32f10x_rcc.o(i.RCC_APB2PeriphResetCmd) for RCC_APB2PeriphResetCmd
    stm32f10x_bkp.o(i.BKP_DeInit) refers to stm32f10x_rcc.o(i.RCC_BackupResetCmd) for RCC_BackupResetCmd
    stm32f10x_can.o(i.CAN_DeInit) refers to stm32f10x_rcc.o(i.RCC_APB1PeriphResetCmd) for RCC_APB1PeriphResetCmd
    stm32f10x_can.o(i.CAN_GetITStatus) refers to stm32f10x_can.o(i.CheckITStatus) for CheckITStatus
    stm32f10x_cec.o(i.CEC_DeInit) refers to stm32f10x_rcc.o(i.RCC_APB1PeriphResetCmd) for RCC_APB1PeriphResetCmd
    stm32f10x_dac.o(i.DAC_DeInit) refers to stm32f10x_rcc.o(i.RCC_APB1PeriphResetCmd) for RCC_APB1PeriphResetCmd
    stm32f10x_flash.o(i.FLASH_EnableWriteProtection) refers to stm32f10x_flash.o(i.FLASH_WaitForLastOperation) for FLASH_WaitForLastOperation
    stm32f10x_flash.o(i.FLASH_EraseAllBank1Pages) refers to stm32f10x_flash.o(i.FLASH_WaitForLastBank1Operation) for FLASH_WaitForLastBank1Operation
    stm32f10x_flash.o(i.FLASH_EraseAllPages) refers to stm32f10x_flash.o(i.FLASH_WaitForLastOperation) for FLASH_WaitForLastOperation
    stm32f10x_flash.o(i.FLASH_EraseOptionBytes) refers to stm32f10x_flash.o(i.FLASH_GetReadOutProtectionStatus) for FLASH_GetReadOutProtectionStatus
    stm32f10x_flash.o(i.FLASH_EraseOptionBytes) refers to stm32f10x_flash.o(i.FLASH_WaitForLastOperation) for FLASH_WaitForLastOperation
    stm32f10x_flash.o(i.FLASH_ErasePage) refers to stm32f10x_flash.o(i.FLASH_WaitForLastOperation) for FLASH_WaitForLastOperation
    stm32f10x_flash.o(i.FLASH_ProgramHalfWord) refers to stm32f10x_flash.o(i.FLASH_WaitForLastOperation) for FLASH_WaitForLastOperation
    stm32f10x_flash.o(i.FLASH_ProgramOptionByteData) refers to stm32f10x_flash.o(i.FLASH_WaitForLastOperation) for FLASH_WaitForLastOperation
    stm32f10x_flash.o(i.FLASH_ProgramWord) refers to stm32f10x_flash.o(i.FLASH_WaitForLastOperation) for FLASH_WaitForLastOperation
    stm32f10x_flash.o(i.FLASH_ReadOutProtection) refers to stm32f10x_flash.o(i.FLASH_WaitForLastOperation) for FLASH_WaitForLastOperation
    stm32f10x_flash.o(i.FLASH_UserOptionByteConfig) refers to stm32f10x_flash.o(i.FLASH_WaitForLastOperation) for FLASH_WaitForLastOperation
    stm32f10x_flash.o(i.FLASH_WaitForLastBank1Operation) refers to stm32f10x_flash.o(i.FLASH_GetBank1Status) for FLASH_GetBank1Status
    stm32f10x_flash.o(i.FLASH_WaitForLastOperation) refers to stm32f10x_flash.o(i.FLASH_GetBank1Status) for FLASH_GetBank1Status
    stm32f10x_gpio.o(i.GPIO_AFIODeInit) refers to stm32f10x_rcc.o(i.RCC_APB2PeriphResetCmd) for RCC_APB2PeriphResetCmd
[...]
    ../fplib/faddsub.s                       0x00000000   Number         0  faddsub_clz.o ABSOLUTE
    ../fplib/fcmpi.s                         0x00000000   Number         0  fcmpi.o ABSOLUTE
    ../fplib/fdiv.s                          0x00000000   Number         0  fdiv.o ABSOLUTE
    ../fplib/ffix.s                          0x00000000   Number         0  ffix.o ABSOLUTE
    ../fplib/ffixu.s                         0x00000000   Number         0  ffixu.o ABSOLUTE
    ../fplib/fflt.s                          0x00000000   Number         0  fflt_clz.o ABSOLUTE
    ../fplib/fleqf.s                         0x00000000   Number         0  fleqf.o ABSOLUTE
    ../fplib/fmul.s                          0x00000000   Number         0  fmul.o ABSOLUTE
    ../fplib/fnaninf.s                       0x00000000   Number         0  fnaninf.o ABSOLUTE
    ../fplib/fpinit.s                        0x00000000   Number         0  fpinit.o ABSOLUTE
    ../fplib/fretinf.s                       0x00000000   Number         0  fretinf.o ABSOLUTE
    ../fplib/frleqf.s                        0x00000000   Number         0  frleqf.o ABSOLUTE
    ../fplib/retnan.s                        0x00000000   Number         0  retnan.o ABSOLUTE
    ../fplib/scalbn.s                        0x00000000   Number         0  scalbn.o ABSOLUTE
    ../fplib/trapv.s                         0x00000000   Number         0  trapv.o ABSOLUTE
    ../fplib/usenofp.s                       0x00000000   Number         0  usenofp.o ABSOLUTE
    ../mathlib/dunder.c                      0x00000000   Number         0  dunder.o ABSOLUTE
    ../mathlib/fpclassify.c                  0x00000000   Number         0  fpclassify.o ABSOLUTE
    ../mathlib/poly.c                        0x00000000   Number         0  poly.o ABSOLUTE
    ../mathlib/rred.c                        0x00000000   Number         0  rred.o ABSOLUTE
    ../mathlib/tan.c                         0x00000000   Number         0  tan.o ABSOLUTE
    ../mathlib/tan.c                         0x00000000   Number         0  tan_x.o ABSOLUTE
    ../mathlib/tan_i.c                       0x00000000   Number         0  tan_i.o ABSOLUTE
    ../mathlib/tan_i.c                       0x00000000   Number         0  tan_i_x.o ABSOLUTE
    ..\CORE\core_cm3.c                       0x00000000   Number         0  core_cm3.o ABSOLUTE
    ..\CORE\startup_stm32f10x_hd.s           0x00000000   Number         0  startup_stm32f10x_hd.o ABSOLUTE
    ..\HARDWARE\ADC\adc.c                    0x00000000   Number         0  adc.o ABSOLUTE
    ..\HARDWARE\BEEP\beep.c                  0x00000000   Number         0  beep.o ABSOLUTE
    ..\HARDWARE\DAC\dac.c                    0x00000000   Number         0  dac.o ABSOLUTE
    ..\HARDWARE\DMA\dma.c                    0x00000000   Number         0  dma.o ABSOLUTE
    ..\HARDWARE\EXTI\exti.c                  0x00000000   Number         0  exti.o ABSOLUTE
    ..\HARDWARE\FDC2214\fdc2214.c            0x00000000   Number         0  fdc2214.o ABSOLUTE
    ..\HARDWARE\IIC_color\IIC_color.c        0x00000000   Number         0  iic_color.o ABSOLUTE
    ..\HARDWARE\ITEMP\tsensor.c              0x00000000   Number         0  tsensor.o ABSOLUTE
    ..\HARDWARE\LCD\lcd.c                    0x00000000   Number         0  lcd.o ABSOLUTE
    ..\HARDWARE\LED\key.c                    0x00000000   Number         0  key.o ABSOLUTE
    ..\HARDWARE\LED\led.c                    0x00000000   Number         0  led.o ABSOLUTE
    ..\HARDWARE\OLED\oled1.c                 0x00000000   Number         0  oled1.o ABSOLUTE
    ..\HARDWARE\PID\pid.c                    0x00000000   Number         0  pid.o ABSOLUTE
    ..\HARDWARE\RTC\rtc.c                    0x00000000   Number         0  rtc.o ABSOLUTE
    ..\HARDWARE\TIMER\timer.c                0x00000000   Number         0  timer.o ABSOLUTE
    ..\HARDWARE\TSL1401_CCD\tsl1401_CCD.c    0x00000000   Number         0  tsl1401_ccd.o ABSOLUTE
    ..\HARDWARE\WDG\wdg.c                    0x00000000   Number         0  wdg.o ABSOLUTE
    ..\HARDWARE\WKUP\wkup.c                  0x00000000   Number         0  wkup.o ABSOLUTE
    ..\HARDWARE\keyBoard4_4\keyBoard.c       0x00000000   Number         0  keyboard.o ABSOLUTE
    ..\HARDWARE\shengbo\EXTI\exti_s.c        0x00000000   Number         0  exti_s.o ABSOLUTE
    ..\HARDWARE\shengbo\TIMER\timer_s.c      0x00000000   Number         0  timer_s.o ABSOLUTE
    ..\HARDWARE\shengbo\UltrasonicWave\UltrasonicWave.c 0x00000000   Number         0  ultrasonicwave.o ABSOLUTE
    ..\STM32F103ZE_LIB\src\misc.c            0x00000000   Number         0  misc.o ABSOLUTE
    ..\STM32F103ZE_LIB\src\stm32f10x_adc.c   0x00000000   Number         0  stm32f10x_adc.o ABSOLUTE
    ..\STM32F103ZE_LIB\src\stm32f10x_bkp.c   0x00000000   Number         0  stm32f10x_bkp.o ABSOLUTE
    ..\STM32F103ZE_LIB\src\stm32f10x_can.c   0x00000000   Number         0  stm32f10x_can.o ABSOLUTE
    ..\STM32F103ZE_LIB\src\stm32f10x_cec.c   0x00000000   Number         0  stm32f10x_cec.o ABSOLUTE
    ..\STM32F103ZE_LIB\src\stm32f10x_crc.c   0x00000000   Number         0  stm32f10x_crc.o ABSOLUTE
    ..\STM32F103ZE_LIB\src\stm32f10x_dac.c   0x00000000   Number         0  stm32f10x_dac.o ABSOLUTE
    ..\STM32F103ZE_LIB\src\stm32f10x_dbgmcu.c 0x00000000   Number         0  stm32f10x_dbgmcu.o ABSOLUTE
    ..\STM32F103ZE_LIB\src\stm32f10x_dma.c   0x00000000   Number         0  stm32f10x_dma.o ABSOLUTE
    ..\STM32F103ZE_LIB\src\stm32f10x_exti.c  0x00000000   Number         0  stm32f10x_exti.o ABSOLUTE
    ..\STM32F103ZE_LIB\src\stm32f10x_flash.c 0x00000000   Number         0  stm32f10x_flash.o ABSOLUTE
    ..\STM32F103ZE_LIB\src\stm32f10x_fsmc.c  0x00000000   Number         0  stm32f10x_fsmc.o ABSOLUTE
    ..\STM32F103ZE_LIB\src\stm32f10x_gpio.c  0x00000000   Number         0  stm32f10x_gpio.o ABSOLUTE
    ..\STM32F103ZE_LIB\src\stm32f10x_i2c.c   0x00000000   Number         0  stm32f10x_i2c.o ABSOLUTE
    ..\STM32F103ZE_LIB\src\stm32f10x_iwdg.c  0x00000000   Number         0  stm32f10x_iwdg.o ABSOLUTE
    ..\STM32F103ZE_LIB\src\stm32f10x_pwr.c   0x00000000   Number         0  stm32f10x_pwr.o ABSOLUTE
    ..\STM32F103ZE_LIB\src\stm32f10x_rcc.c   0x00000000   Number         0  stm32f10x_rcc.o ABSOLUTE
    ..\STM32F103ZE_LIB\src\stm32f10x_rtc.c   0x00000000   Number         0  stm32f10x_rtc.o ABSOLUTE
    ..\STM32F103ZE_LIB\src\stm32f10x_sdio.c  0x00000000   Number         0  stm32f10x_sdio.o ABSOLUTE
    ..\STM32F103ZE_LIB\src\stm32f10x_spi.c   0x00000000   Number         0  stm32f10x_spi.o ABSOLUTE
    ..\STM32F103ZE_LIB\src\stm32f10x_tim.c   0x00000000   Number         0  stm32f10x_tim.o ABSOLUTE
    ..\STM32F103ZE_LIB\src\stm32f10x_usart.c 0x00000000   Number         0  stm32f10x_usart.o ABSOLUTE
    ..\STM32F103ZE_LIB\src\stm32f10x_wwdg.c  0x00000000   Number         0  stm32f10x_wwdg.o ABSOLUTE
    ..\SYSTEM\delay\delay.c                  0x00000000   Number         0  delay.o ABSOLUTE
    ..\SYSTEM\sys\sys.c                      0x00000000   Number         0  sys.o ABSOLUTE
    ..\SYSTEM\usart\usart.c                  0x00000000   Number         0  usart.o ABSOLUTE
    ..\USMART\usmart.c                       0x00000000   Number         0  usmart.o ABSOLUTE
    ..\USMART\usmart_config.c                0x00000000   Number         0  usmart_config.o ABSOLUTE
    ..\USMART\usmart_str.c                   0x00000000   Number         0  usmart_str.o ABSOLUTE
    ..\\CORE\\core_cm3.c                     0x00000000   Number         0  core_cm3.o ABSOLUTE
    dc.s                                     0x00000000   Number         0  dc.o ABSOLUTE
    main.c                                   0x00000000   Number         0  main.o ABSOLUTE
    stm32f10x_it.c                           0x00000000   Number         0  stm32f10x_it.o ABSOLUTE
    system_stm32f10x.c                       0x00000000   Number         0  system_stm32f10x.o ABSOLUTE
    RESET                                    0x08000000   Section      304  startup_stm32f10x_hd.o(RESET)
    !!!main                                  0x08000130   Section        8  __main.o(!!!main)
    !!!scatter                               0x08000138   Section       52  __scatter.o(!!!scatter)
    !!dclz77c                                0x0800016c   Section      100  __dclz77c.o(!!dclz77c)
    !!handler_zi                             0x080001d0   Section       28  __scatter_zi.o(!!handler_zi)
    .ARM.Collect$$libinit$$00000000          0x080001ec   Section        2  libinit.o(.ARM.Collect$$libinit$$00000000)
    .ARM.Collect$$libinit$$00000002          0x080001ee   Section        0  libinit2.o(.ARM.Collect$$libinit$$00000002)
    .ARM.Collect$$libinit$$00000004          0x080001ee   Section        0  libinit2.o(.ARM.Collect$$libinit$$00000004)
    .ARM.Collect$$libinit$$0000000A          0x080001ee   Section        0  libinit2.o(.ARM.Collect$$libinit$$0000000A)
    .ARM.Collect$$libinit$$0000000C          0x080001ee   Section        0  libinit2.o(.ARM.Collect$$libinit$$0000000C)
    .ARM.Collect$$libinit$$0000000E          0x080001ee   Section        0  libinit2.o(.ARM.Collect$$libinit$$0000000E)
    .ARM.Collect$$libinit$$00000011          0x080001ee   Section        0  libinit2.o(.ARM.Collect$$libinit$$00000011)
    .ARM.Collect$$libinit$$00000013          0x080001ee   Section        0  libinit2.o(.ARM.Collect$$libinit$$00000013)
    .ARM.Collect$$libinit$$00000015          0x080001ee   Section        0  libinit2.o(.ARM.Collect$$libinit$$00000015)
    .ARM.Collect$$libinit$$00000017          0x080001ee   Section        0  libinit2.o(.ARM.Collect$$libinit$$00000017)
    .ARM.Collect$$libinit$$00000019          0x080001ee   Section        0  libinit2.o(.ARM.Collect$$libinit$$00000019)
    .ARM.Collect$$libinit$$0000001B          0x080001ee   Section        0  libinit2.o(.ARM.Collect$$libinit$$0000001B)
    .ARM.Collect$$libinit$$0000001D          0x080001ee   Section        0  libinit2.o(.ARM.Collect$$libinit$$0000001D)
    .ARM.Collect$$libinit$$0000001F          0x080001ee   Section        0  libinit2.o(.ARM.Collect$$libinit$$0000001F)
    .ARM.Collect$$libinit$$00000021          0x080001ee   Section        0  libinit2.o(.ARM.Collect$$libinit$$00000021)
    .ARM.Collect$$libinit$$00000023          0x080001ee   Section        0  libinit2.o(.ARM.Collect$$libinit$$00000023)
    .ARM.Collect$$libinit$$00000025          0x080001ee   Section        0  libinit2.o(.ARM.Collect$$libinit$$00000025)
    .ARM.Collect$$libinit$$0000002C          0x080001ee   Section        0  libinit2.o(.ARM.Collect$$libinit$$0000002C)
    .ARM.Collect$$libinit$$0000002E          0x080001ee   Section        0  libinit2.o(.ARM.Collect$$libinit$$0000002E)
    .ARM.Collect$$libinit$$00000030          0x080001ee   Section        0  libinit2.o(.ARM.Collect$$libinit$$00000030)
    .ARM.Collect$$libinit$$00000032          0x080001ee   Section        0  libinit2.o(.ARM.Collect$$libinit$$00000032)
    .ARM.Collect$$libinit$$00000033          0x080001ee   Section        2  libinit2.o(.ARM.Collect$$libinit$$00000033)
    .ARM.Collect$$libshutdown$$00000000      0x080001f0   Section        2  libshutdown.o(.ARM.Collect$$libshutdown$$00000000)
    .ARM.Collect$$libshutdown$$00000002      0x080001f2   Section        0  libshutdown2.o(.ARM.Collect$$libshutdown$$00000002)
    .ARM.Collect$$libshutdown$$00000004      0x080001f2   Section        0  libshutdown2.o(.ARM.Collect$$libshutdown$$00000004)
    .ARM.Collect$$libshutdown$$00000007      0x080001f2   Section        0  libshutdown2.o(.ARM.Collect$$libshutdown$$00000007)
    .ARM.Collect$$libshutdown$$0000000A      0x080001f2   Section        0  libshutdown2.o(.ARM.Collect$$libshutdown$$0000000A)
    .ARM.Collect$$libshutdown$$0000000C      0x080001f2   Section        0  libshutdown2.o(.ARM.Collect$$libshutdown$$0000000C)
    .ARM.Collect$$libshutdown$$0000000F      0x080001f2   Section        0  libshutdown2.o(.ARM.Collect$$libshutdown$$0000000F)
    .ARM.Collect$$libshutdown$$00000010      0x080001f2   Section        2  libshutdown2.o(.ARM.Collect$$libshutdown$$00000010)
    .ARM.Collect$$rtentry$$00000000          0x080001f4   Section        0  __rtentry.o(.ARM.Collect$$rtentry$$00000000)
    .ARM.Collect$$rtentry$$00000002          0x080001f4   Section        0  __rtentry2.o(.ARM.Collect$$rtentry$$00000002)
    .ARM.Collect$$rtentry$$00000004          0x080001f4   Section        6  __rtentry4.o(.ARM.Collect$$rtentry$$00000004)
    .ARM.Collect$$rtentry$$00000009          0x080001fa   Section        0  __rtentry2.o(.ARM.Collect$$rtentry$$00000009)
    .ARM.Collect$$rtentry$$0000000A          0x080001fa   Section        4  __rtentry2.o(.ARM.Collect$$rtentry$$0000000A)
    .ARM.Collect$$rtentry$$0000000C          0x080001fe   Section        0  __rtentry2.o(.ARM.Collect$$rtentry$$0000000C)
    .ARM.Collect$$rtentry$$0000000D          0x080001fe   Section        8  __rtentry2.o(.ARM.Collect$$rtentry$$0000000D)
    .ARM.Collect$$rtexit$$00000000           0x08000206   Section        2  rtexit.o(.ARM.Collect$$rtexit$$00000000)
    .ARM.Collect$$rtexit$$00000002           0x08000208   Section        0  rtexit2.o(.ARM.Collect$$rtexit$$00000002)
    .ARM.Collect$$rtexit$$00000003           0x08000208   Section        4  rtexit2.o(.ARM.Collect$$rtexit$$00000003)
    .ARM.Collect$$rtexit$$00000004           0x0800020c   Section        6  rtexit2.o(.ARM.Collect$$rtexit$$00000004)
    .text                                    0x08000214   Section       64  startup_stm32f10x_hd.o(.text)
    .text                                    0x08000254   Section        2  use_no_semi_2.o(.text)
    .text                                    0x08000256   Section        0  heapauxi.o(.text)
    .text                                    0x0800025c   Section        2  use_no_semi.o(.text)
    .text                                    0x08000260   Section        8  libspace.o(.text)
    .text                                    0x08000268   Section       74  sys_stackheap_outer.o(.text)
    .text                                    0x080002b2   Section        0  exit.o(.text)
    i.ADC_Cmd                                0x080002c4   Section        0  stm32f10x_adc.o(i.ADC_Cmd)
    i.ADC_DeInit                             0x080002dc   Section        0  stm32f10x_adc.o(i.ADC_DeInit)
    i.ADC_GetCalibrationStatus               0x08000338   Section        0  stm32f10x_adc.o(i.ADC_GetCalibrationStatus)
    i.ADC_GetConversionValue                 0x0800034c   Section        0  stm32f10x_adc.o(i.ADC_GetConversionValue)
    i.ADC_GetFlagStatus                      0x08000354   Section        0  stm32f10x_adc.o(i.ADC_GetFlagStatus)
    i.ADC_GetResetCalibrationStatus          0x08000366   Section        0  stm32f10x_adc.o(i.ADC_GetResetCalibrationStatus)
    i.ADC_Init                               0x0800037c   Section        0  stm32f10x_adc.o(i.ADC_Init)
    i.ADC_RegularChannelConfig               0x080003cc   Section        0  stm32f10x_adc.o(i.ADC_RegularChannelConfig)
    i.ADC_ResetCalibration                   0x08000484   Section        0  stm32f10x_adc.o(i.ADC_ResetCalibration)
    i.ADC_SoftwareStartConvCmd               0x0800048e   Section        0  stm32f10x_adc.o(i.ADC_SoftwareStartConvCmd)
    i.ADC_StartCalibration                   0x080004a4   Section        0  stm32f10x_adc.o(i.ADC_StartCalibration)
    i.Adc_Init                               0x080004b0   Section        0  adc.o(i.Adc_Init)
    i.BusFault_Handler                       0x0800053c   Section        0  stm32f10x_it.o(i.BusFault_Handler)
    i.Check_WKUP                             0x08000540   Section        0  wkup.o(i.Check_WKUP)
    i.DebugMon_Handler                       0x080005ac   Section        0  stm32f10x_it.o(i.DebugMon_Handler)
    i.EXTI0_IRQHandler                       0x080005ae   Section        0  wkup.o(i.EXTI0_IRQHandler)
    i.EXTI2_IRQHandler                       0x080005c2   Section        0  exti.o(i.EXTI2_IRQHandler)
    i.EXTI3_IRQHandler                       0x080005d2   Section        0  exti.o(i.EXTI3_IRQHandler)
    i.EXTI4_IRQHandler                       0x080005e2   Section        0  exti.o(i.EXTI4_IRQHandler)
    i.EXTI9_5_IRQHandler                     0x080005f4   Section        0  ultrasonicwave.o(i.EXTI9_5_IRQHandler)
    i.EXTI_ClearITPendingBit                 0x08000690   Section        0  stm32f10x_exti.o(i.EXTI_ClearITPendingBit)
    i.EXTI_GetITStatus                       0x0800069c   Section        0  stm32f10x_exti.o(i.EXTI_GetITStatus)
    i.EXTI_Init                              0x080006c4   Section        0  stm32f10x_exti.o(i.EXTI_Init)
    i.GPIO_EXTILineConfig                    0x08000758   Section        0  stm32f10x_gpio.o(i.GPIO_EXTILineConfig)
    i.GPIO_Init                              0x08000798   Section        0  stm32f10x_gpio.o(i.GPIO_Init)
    i.GPIO_PinRemapConfig                    0x080008b0   Section        0  stm32f10x_gpio.o(i.GPIO_PinRemapConfig)
    i.GPIO_ReadInputDataBit                  0x08000940   Section        0  stm32f10x_gpio.o(i.GPIO_ReadInputDataBit)
    i.GPIO_ResetBits                         0x08000952   Section        0  stm32f10x_gpio.o(i.GPIO_ResetBits)
    i.GPIO_SetBits                           0x08000956   Section        0  stm32f10x_gpio.o(i.GPIO_SetBits)
    i.Get_Adc                                0x0800095c   Section        0  adc.o(i.Get_Adc)
    i.Get_Adc_Average                        0x08000990   Section        0  adc.o(i.Get_Adc_Average)
    i.HardFault_Handler                      0x080009be   Section        0  stm32f10x_it.o(i.HardFault_Handler)
    i.I2C_GPIO_Config                        0x080009c4   Section        0  iic_color.o(i.I2C_GPIO_Config)
    i.I2C_RecvByte                           0x080009fc   Section        0  iic_color.o(i.I2C_RecvByte)
    i.I2C_SendACK                            0x08000a50   Section        0  iic_color.o(i.I2C_SendACK)
    i.I2C_SendByte                           0x08000a88   Section        0  iic_color.o(i.I2C_SendByte)
    i.I2C_Start                              0x08000ad8   Section        0  iic_color.o(i.I2C_Start)
    i.I2C_Stop                               0x08000b38   Section        0  iic_color.o(i.I2C_Stop)
    i.I2C_WaitAck                            0x08000b68   Section        0  iic_color.o(i.I2C_WaitAck)
    i.IO_path                                0x08000bc8   Section        0  led.o(i.IO_path)
    i.Is_Leap_Year                           0x08000bf4   Section        0  rtc.o(i.Is_Leap_Year)
    i.KEY_Scan                               0x08000c30   Section        0  key.o(i.KEY_Scan)
    i.MemManage_Handler                      0x08000ca0   Section        0  stm32f10x_it.o(i.MemManage_Handler)
    i.Motor_PWM_Init                         0x08000ca4   Section        0  timer.o(i.Motor_PWM_Init)
    i.NMI_Handler                            0x08000d94   Section        0  stm32f10x_it.o(i.NMI_Handler)
    i.NVIC_Configuration                     0x08000d96   Section        0  sys.o(i.NVIC_Configuration)
    i.NVIC_Init                              0x08000da4   Section        0  misc.o(i.NVIC_Init)
    i.NVIC_PriorityGroupConfig               0x08000e14   Section        0  misc.o(i.NVIC_PriorityGroupConfig)
    i.OLED_Clear                             0x08000e28   Section        0  oled1.o(i.OLED_Clear)
    i.OLED_Init                              0x08000e68   Section        0  oled1.o(i.OLED_Init)
    i.OLED_Set_Pos                           0x08000ff8   Section        0  oled1.o(i.OLED_Set_Pos)
    i.OLED_ShowChar                          0x08001028   Section        0  oled1.o(i.OLED_ShowChar)
    i.OLED_ShowNum                           0x08001098   Section        0  oled1.o(i.OLED_ShowNum)
    i.OLED_ShowString                        0x0800111c   Section        0  oled1.o(i.OLED_ShowString)
    i.OLED_WR_Byte                           0x08001154   Section        0  oled1.o(i.OLED_WR_Byte)
    i.PWR_EnterSTANDBYMode                   0x080011d8   Section        0  stm32f10x_pwr.o(i.PWR_EnterSTANDBYMode)
    i.PWR_WakeUpPinCmd                       0x0800120c   Section        0  stm32f10x_pwr.o(i.PWR_WakeUpPinCmd)
    i.PendSV_Handler                         0x08001218   Section        0  stm32f10x_it.o(i.PendSV_Handler)
    i.RCC_ADCCLKConfig                       0x0800121c   Section        0  stm32f10x_rcc.o(i.RCC_ADCCLKConfig)
    i.RCC_APB1PeriphClockCmd                 0x08001234   Section        0  stm32f10x_rcc.o(i.RCC_APB1PeriphClockCmd)
    i.RCC_APB2PeriphClockCmd                 0x08001254   Section        0  stm32f10x_rcc.o(i.RCC_APB2PeriphClockCmd)
    i.RCC_APB2PeriphResetCmd                 0x08001274   Section        0  stm32f10x_rcc.o(i.RCC_APB2PeriphResetCmd)
    i.RTC_ClearITPendingBit                  0x08001294   Section        0  stm32f10x_rtc.o(i.RTC_ClearITPendingBit)
    i.RTC_Get                                0x080012a4   Section        0  rtc.o(i.RTC_Get)
    i.RTC_GetCounter                         0x080013a4   Section        0  stm32f10x_rtc.o(i.RTC_GetCounter)
    i.RTC_GetITStatus                        0x080013b8   Section        0  stm32f10x_rtc.o(i.RTC_GetITStatus)
    i.RTC_Get_Week                           0x080013dc   Section        0  rtc.o(i.RTC_Get_Week)
    i.RTC_IRQHandler                         0x08001454   Section        0  rtc.o(i.RTC_IRQHandler)
    i.RTC_WaitForLastTask                    0x0800147c   Section        0  stm32f10x_rtc.o(i.RTC_WaitForLastTask)
    i.SVC_Handler                            0x08001490   Section        0  stm32f10x_it.o(i.SVC_Handler)
    i.Servo_PWM_Init                         0x08001494   Section        0  timer.o(i.Servo_PWM_Init)
    i.SetSysClock                            0x08001528   Section        0  system_stm32f10x.o(i.SetSysClock)
    SetSysClock                              0x08001529   Thumb Code     8  system_stm32f10x.o(i.SetSysClock)
    i.SetSysClockTo72                        0x08001530   Section        0  system_stm32f10x.o(i.SetSysClockTo72)
    SetSysClockTo72                          0x08001531   Thumb Code   214  system_stm32f10x.o(i.SetSysClockTo72)
    i.Single_ReadI2C                         0x08001610   Section        0  iic_color.o(i.Single_ReadI2C)
    i.SysTick_CLKSourceConfig                0x080016a6   Section        0  misc.o(i.SysTick_CLKSourceConfig)
    i.SysTick_Handler                        0x080016ce   Section        0  stm32f10x_it.o(i.SysTick_Handler)
    i.Sys_Enter_Standby                      0x080016d0   Section        0  wkup.o(i.Sys_Enter_Standby)
    i.Sys_Standby                            0x080016e2   Section        0  wkup.o(i.Sys_Standby)
    i.SystemInit                             0x080016f8   Section        0  system_stm32f10x.o(i.SystemInit)
    i.TIM2_IRQHandler                        0x08001758   Section        0  timer_s.o(i.TIM2_IRQHandler)
    i.TIM3_IRQHandler                        0x08001770   Section        0  timer.o(i.TIM3_IRQHandler)
    i.TIM5_Ctrl_Init                         0x080017ac   Section        0  timer.o(i.TIM5_Ctrl_Init)
    i.TIM5_IRQHandler                        0x08001808   Section        0  timer.o(i.TIM5_IRQHandler)
    i.TIM_ClearITPendingBit                  0x08001850   Section        0  stm32f10x_tim.o(i.TIM_ClearITPendingBit)
    i.TIM_Cmd                                0x08001856   Section        0  stm32f10x_tim.o(i.TIM_Cmd)
    i.TIM_GetCounter                         0x0800186e   Section        0  stm32f10x_tim.o(i.TIM_GetCounter)
    i.TIM_GetITStatus                        0x08001874   Section        0  stm32f10x_tim.o(i.TIM_GetITStatus)
    i.TIM_ITConfig                           0x08001896   Section        0  stm32f10x_tim.o(i.TIM_ITConfig)
    i.TIM_SetCounter                         0x080018a8   Section        0  stm32f10x_tim.o(i.TIM_SetCounter)
    i.TIM_TimeBaseInit                       0x080018ac   Section        0  stm32f10x_tim.o(i.TIM_TimeBaseInit)
    i.Timerx_Init_s                          0x08001950   Section        0  timer_s.o(i.Timerx_Init_s)
    i.USART1_IRQHandler                      0x080019ac   Section        0  usart.o(i.USART1_IRQHandler)
    i.USART3_IRQHandler                      0x08001a34   Section        0  usart.o(i.USART3_IRQHandler)
    i.USART_GetITStatus                      0x08001a50   Section        0  stm32f10x_usart.o(i.USART_GetITStatus)
    i.USART_ReceiveData                      0x08001aa4   Section        0  stm32f10x_usart.o(i.USART_ReceiveData)
    i.UltrasonicWave_Configuration           0x08001ab0   Section        0  ultrasonicwave.o(i.UltrasonicWave_Configuration)
    i.UltrasonicWave_StartMeasure            0x08001b3c   Section        0  ultrasonicwave.o(i.UltrasonicWave_StartMeasure)
    i.UsageFault_Handler                     0x08001b60   Section        0  stm32f10x_it.o(i.UsageFault_Handler)
    i.WWDG_ClearFlag                         0x08001b64   Section        0  stm32f10x_wwdg.o(i.WWDG_ClearFlag)
    i.WWDG_IRQHandler                        0x08001b70   Section        0  wdg.o(i.WWDG_IRQHandler)
    i.WWDG_SetCounter                        0x08001b84   Section        0  stm32f10x_wwdg.o(i.WWDG_SetCounter)
    i._sys_exit                              0x08001b94   Section        0  usart.o(i._sys_exit)
    i.delay_1us                              0x08001b98   Section        0  iic_color.o(i.delay_1us)
    i.delay_init                             0x08001bb0   Section        0  delay.o(i.delay_init)
    i.delay_ms                               0x08001bf4   Section        0  delay.o(i.delay_ms)
    i.delay_us                               0x08001c40   Section        0  delay.o(i.delay_us)
    i.init_all                               0x08001c8c   Section        0  main.o(i.init_all)
    i.keyInit                                0x08001ca0   Section        0  key.o(i.keyInit)
    i.main                                   0x08001ce4   Section        0  main.o(i.main)
    i.oled_pow                               0x08002038   Section        0  oled1.o(i.oled_pow)
    i.pinSetHigh                             0x0800204e   Section        0  led.o(i.pinSetHigh)
    i.pinSetHigh_ONE                         0x08002086   Section        0  led.o(i.pinSetHigh_ONE)
    i.pinSetlow                              0x08002096   Section        0  led.o(i.pinSetlow)
    i.pinSetlow_ONE                          0x080020ce   Section        0  led.o(i.pinSetlow_ONE)
    x$fpl$d2f                                0x080020e0   Section       98  d2f.o(x$fpl$d2f)
    x$fpl$ddiv                               0x08002144   Section      688  ddiv.o(x$fpl$ddiv)
    ddiv_entry                               0x0800214b   Thumb Code     0  ddiv.o(x$fpl$ddiv)
    x$fpl$dflt                               0x080023f4   Section       46  dflt_clz.o(x$fpl$dflt)
    x$fpl$dnaninf                            0x08002422   Section      156  dnaninf.o(x$fpl$dnaninf)
    x$fpl$dretinf                            0x080024be   Section       12  dretinf.o(x$fpl$dretinf)
    x$fpl$fadd                               0x080024cc   Section      196  faddsub_clz.o(x$fpl$fadd)
    _fadd1                                   0x080024db   Thumb Code     0  faddsub_clz.o(x$fpl$fadd)
    x$fpl$fcmpinf                            0x08002590   Section       24  fcmpi.o(x$fpl$fcmpinf)
    x$fpl$ffix                               0x080025a8   Section       54  ffix.o(x$fpl$ffix)
    x$fpl$fflt                               0x080025e0   Section       48  fflt_clz.o(x$fpl$fflt)
    x$fpl$fleqf                              0x08002610   Section      104  fleqf.o(x$fpl$fleqf)
    x$fpl$fmul                               0x08002678   Section      258  fmul.o(x$fpl$fmul)
    x$fpl$fnaninf                            0x0800277a   Section      140  fnaninf.o(x$fpl$fnaninf)
    x$fpl$fretinf                            0x08002806   Section       10  fretinf.o(x$fpl$fretinf)
    x$fpl$frleqf                             0x08002810   Section       98  frleqf.o(x$fpl$frleqf)
    x$fpl$frsb                               0x08002872   Section       20  faddsub_clz.o(x$fpl$frsb)
    x$fpl$fsub                               0x08002888   Section      234  faddsub_clz.o(x$fpl$fsub)
    _fsub1                                   0x08002897   Thumb Code     0  faddsub_clz.o(x$fpl$fsub)
    .constdata                               0x08002972   Section     2072  oled1.o(.constdata)
    x$fpl$usenofp                            0x08002972   Section        0  usenofp.o(x$fpl$usenofp)
    .constdata                               0x0800318a   Section       24  rtc.o(.constdata)
    .data                                    0x20000000   Section     2904  main.o(.data)
    .data                                    0x20000b58   Section       20  system_stm32f10x.o(.data)
    .data                                    0x20000b6c   Section        1  wdg.o(.data)
    .data                                    0x20000b6e   Section        2  rtc.o(.data)
    daycnt                                   0x20000b6e   Data           2  rtc.o(.data)
    .data                                    0x20000b70   Section        4  delay.o(.data)
    fac_us                                   0x20000b70   Data           1  delay.o(.data)
    fac_ms                                   0x20000b72   Data           2  delay.o(.data)
    .data                                    0x20000b74   Section        6  usart.o(.data)
    .bss                                     0x20000b7c   Section       10  rtc.o(.bss)
    .bss                                     0x20000b86   Section      200  usart.o(.bss)
    .bss                                     0x20000c50   Section       96  libspace.o(.bss)
    HEAP                                     0x20000cb0   Section      512  startup_stm32f10x_hd.o(HEAP)
    Heap_Mem                                 0x20000cb0   Data         512  startup_stm32f10x_hd.o(HEAP)
    STACK                                    0x20000eb0   Section     1024  startup_stm32f10x_hd.o(STACK)
    Stack_Mem                                0x20000eb0   Data        1024  startup_stm32f10x_hd.o(STACK)
    __initial_sp                             0x200012b0   Data           0  startup_stm32f10x_hd.o(STACK)

    Global Symbols

    Symbol Name                              Value     Ov Type        Size  Object(Section)

    BuildAttributes$$THM_ISAv4$P$D$K$B$S$PE$A:L22UL41UL21$X:L11$S22US41US21$IEEE1$IW$USESV6$~STKCKD$USESV7$~SHL$OTIME$ROPI$IEEEX$EBA8$UX$STANDARDLIB$REQ8$PRES8$EABIv2 0x00000000   Number         0  anon$$obj.o ABSOLUTE
    __ARM_use_no_argv                        0x00000000   Number         0  main.o ABSOLUTE
    _printf_flags                            0x00000000   Number         0  printf_stubs.o ABSOLUTE
    _printf_return_value                     0x00000000   Number         0  printf_stubs.o ABSOLUTE
    _printf_sizespec                         0x00000000   Number         0  printf_stubs.o ABSOLUTE
    _printf_widthprec                        0x00000000   Number         0  printf_stubs.o ABSOLUTE
    __ARM_exceptions_init                     - Undefined Weak Reference
    __alloca_initialize                       - Undefined Weak Reference
    __arm_preinit_                            - Undefined Weak Reference
    __cpp_initialize__aeabi_                  - Undefined Weak Reference
    __cxa_finalize                            - Undefined Weak Reference
    __rt_locale                               - Undefined Weak Reference
    __sigvec_lookup                           - Undefined Weak Reference
    _atexit_init                              - Undefined Weak Reference
    _call_atexit_fns                          - Undefined Weak Reference
    _clock_init                               - Undefined Weak Reference
    _fp_trap_init                             - Undefined Weak Reference
    _fp_trap_shutdown                         - Undefined Weak Reference
    _get_lc_collate                           - Undefined Weak Reference
    _get_lc_ctype                             - Undefined Weak Reference
    _get_lc_monetary                          - Undefined Weak Reference
    _get_lc_numeric                           - Undefined Weak Reference
    _get_lc_time                              - Undefined Weak Reference
    _getenv_init                              - Undefined Weak Reference
    _handle_redirection                       - Undefined Weak Reference
    _init_alloc                               - Undefined Weak Reference
    _init_user_alloc                          - Undefined Weak Reference
    _initio                                   - Undefined Weak Reference
    _mutex_acquire                            - Undefined Weak Reference
    _mutex_release                            - Undefined Weak Reference
    _printf_mbtowc                            - Undefined Weak Reference
    _printf_truncate_signed                   - Undefined Weak Reference
    _printf_truncate_unsigned                 - Undefined Weak Reference
    _rand_init                                - Undefined Weak Reference
    _signal_finish                            - Undefined Weak Reference
    _signal_init                              - Undefined Weak Reference
    _terminate_alloc                          - Undefined Weak Reference
    _terminate_user_alloc                     - Undefined Weak Reference
    _terminateio                              - Undefined Weak Reference
    __Vectors_Size                           0x00000130   Number         0  startup_stm32f10x_hd.o ABSOLUTE
    __Vectors                                0x08000000   Data           4  startup_stm32f10x_hd.o(RESET)
    __Vectors_End                            0x08000130   Data           0  startup_stm32f10x_hd.o(RESET)
    __main                                   0x08000131   Thumb Code     8  __main.o(!!!main)
    __scatterload                            0x08000139   Thumb Code     0  __scatter.o(!!!scatter)
    __scatterload_rt2                        0x08000139   Thumb Code    44  __scatter.o(!!!scatter)
    __scatterload_rt2_thumb_only             0x08000139   Thumb Code     0  __scatter.o(!!!scatter)
    __scatterload_null                       0x08000147   Thumb Code     0  __scatter.o(!!!scatter)
    __decompress                             0x0800016d   Thumb Code   100  __dclz77c.o(!!dclz77c)
    __decompress2                            0x0800016d   Thumb Code     0  __dclz77c.o(!!dclz77c)
    __scatterload_zeroinit                   0x080001d1   Thumb Code    28  __scatter_zi.o(!!handler_zi)
    __rt_lib_init                            0x080001ed   Thumb Code     0  libinit.o(.ARM.Collect$$libinit$$00000000)
    __rt_lib_init_alloca_1                   0x080001ef   Thumb Code     0  libinit2.o(.ARM.Collect$$libinit$$0000002E)
    __rt_lib_init_argv_1                     0x080001ef   Thumb Code     0  libinit2.o(.ARM.Collect$$libinit$$0000002C)
    __rt_lib_init_atexit_1                   0x080001ef   Thumb Code     0  libinit2.o(.ARM.Collect$$libinit$$0000001B)
    __rt_lib_init_clock_1                    0x080001ef   Thumb Code     0  libinit2.o(.ARM.Collect$$libinit$$00000021)
    __rt_lib_init_cpp_1                      0x080001ef   Thumb Code     0  libinit2.o(.ARM.Collect$$libinit$$00000032)
    __rt_lib_init_exceptions_1               0x080001ef   Thumb Code     0  libinit2.o(.ARM.Collect$$libinit$$00000030)
    __rt_lib_init_fp_1                       0x080001ef   Thumb Code     0  libinit2.o(.ARM.Collect$$libinit$$00000002)
    __rt_lib_init_fp_trap_1                  0x080001ef   Thumb Code     0  libinit2.o(.ARM.Collect$$libinit$$0000001F)
    __rt_lib_init_getenv_1                   0x080001ef   Thumb Code     0  libinit2.o(.ARM.Collect$$libinit$$00000023)
    __rt_lib_init_heap_1                     0x080001ef   Thumb Code     0  libinit2.o(.ARM.Collect$$libinit$$0000000A)
    __rt_lib_init_lc_collate_1               0x080001ef   Thumb Code     0  libinit2.o(.ARM.Collect$$libinit$$00000011)
    __rt_lib_init_lc_ctype_1                 0x080001ef   Thumb Code     0  libinit2.o(.ARM.Collect$$libinit$$00000013)
    __rt_lib_init_lc_monetary_1              0x080001ef   Thumb Code     0  libinit2.o(.ARM.Collect$$libinit$$00000015)
    __rt_lib_init_lc_numeric_1               0x080001ef   Thumb Code     0  libinit2.o(.ARM.Collect$$libinit$$00000017)
    __rt_lib_init_lc_time_1                  0x080001ef   Thumb Code     0  libinit2.o(.ARM.Collect$$libinit$$00000019)
    __rt_lib_init_preinit_1                  0x080001ef   Thumb Code     0  libinit2.o(.ARM.Collect$$libinit$$00000004)
    __rt_lib_init_rand_1                     0x080001ef   Thumb Code     0  libinit2.o(.ARM.Collect$$libinit$$0000000E)
    __rt_lib_init_return                     0x080001ef   Thumb Code     0  libinit2.o(.ARM.Collect$$libinit$$00000033)
    __rt_lib_init_signal_1                   0x080001ef   Thumb Code     0  libinit2.o(.ARM.Collect$$libinit$$0000001D)
    __rt_lib_init_stdio_1                    0x080001ef   Thumb Code     0  libinit2.o(.ARM.Collect$$libinit$$00000025)
    __rt_lib_init_user_alloc_1               0x080001ef   Thumb Code     0  libinit2.o(.ARM.Collect$$libinit$$0000000C)
    __rt_lib_shutdown                        0x080001f1   Thumb Code     0  libshutdown.o(.ARM.Collect$$libshutdown$$00000000)
    __rt_lib_shutdown_cpp_1                  0x080001f3   Thumb Code     0  libshutdown2.o(.ARM.Collect$$libshutdown$$00000002)
    __rt_lib_shutdown_fp_trap_1              0x080001f3   Thumb Code     0  libshutdown2.o(.ARM.Collect$$libshutdown$$00000007)
    __rt_lib_shutdown_heap_1                 0x080001f3   Thumb Code     0  libshutdown2.o(.ARM.Collect$$libshutdown$$0000000F)
    __rt_lib_shutdown_return                 0x080001f3   Thumb Code     0  libshutdown2.o(.ARM.Collect$$libshutdown$$00000010)
    __rt_lib_shutdown_signal_1               0x080001f3   Thumb Code     0  libshutdown2.o(.ARM.Collect$$libshutdown$$0000000A)
    __rt_lib_shutdown_stdio_1                0x080001f3   Thumb Code     0  libshutdown2.o(.ARM.Collect$$libshutdown$$00000004)
    __rt_lib_shutdown_user_alloc_1           0x080001f3   Thumb Code     0  libshutdown2.o(.ARM.Collect$$libshutdown$$0000000C)
    __rt_entry                               0x080001f5   Thumb Code     0  __rtentry.o(.ARM.Collect$$rtentry$$00000000)
    __rt_entry_presh_1                       0x080001f5   Thumb Code     0  __rtentry2.o(.ARM.Collect$$rtentry$$00000002)
    __rt_entry_sh                            0x080001f5   Thumb Code     0  __rtentry4.o(.ARM.Collect$$rtentry$$00000004)
    __rt_entry_li                            0x080001fb   Thumb Code     0  __rtentry2.o(.ARM.Collect$$rtentry$$0000000A)
    __rt_entry_postsh_1                      0x080001fb   Thumb Code     0  __rtentry2.o(.ARM.Collect$$rtentry$$00000009)
    __rt_entry_main                          0x080001ff   Thumb Code     0  __rtentry2.o(.ARM.Collect$$rtentry$$0000000D)
    __rt_entry_postli_1                      0x080001ff   Thumb Code     0  __rtentry2.o(.ARM.Collect$$rtentry$$0000000C)
    __rt_exit                                0x08000207   Thumb Code     0  rtexit.o(.ARM.Collect$$rtexit$$00000000)
    __rt_exit_ls                             0x08000209   Thumb Code     0  rtexit2.o(.ARM.Collect$$rtexit$$00000003)
    __rt_exit_prels_1                        0x08000209   Thumb Code     0  rtexit2.o(.ARM.Collect$$rtexit$$00000002)
    __rt_exit_exit                           0x0800020d   Thumb Code     0  rtexit2.o(.ARM.Collect$$rtexit$$00000004)
    Reset_Handler                            0x08000215   Thumb Code     8  startup_stm32f10x_hd.o(.text)
    ADC1_2_IRQHandler                        0x0800022f   Thumb Code     0  startup_stm32f10x_hd.o(.text)
    ADC3_IRQHandler                          0x0800022f   Thumb Code     0  startup_stm32f10x_hd.o(.text)
    CAN1_RX1_IRQHandler                      0x0800022f   Thumb Code     0  startup_stm32f10x_hd.o(.text)
    CAN1_SCE_IRQHandler                      0x0800022f   Thumb Code     0  startup_stm32f10x_hd.o(.text)
    DMA1_Channel1_IRQHandler                 0x0800022f   Thumb Code     0  startup_stm32f10x_hd.o(.text)
    DMA1_Channel2_IRQHandler                 0x0800022f   Thumb Code     0  startup_stm32f10x_hd.o(.text)
    DMA1_Channel3_IRQHandler                 0x0800022f   Thumb Code     0  startup_stm32f10x_hd.o(.text)
    DMA1_Channel4_IRQHandler                 0x0800022f   Thumb Code     0  startup_stm32f10x_hd.o(.text)
    DMA1_Channel5_IRQHandler                 0x0800022f   Thumb Code     0  startup_stm32f10x_hd.o(.text)
    DMA1_Channel6_IRQHandler                 0x0800022f   Thumb Code     0  startup_stm32f10x_hd.o(.text)
    DMA1_Channel7_IRQHandler                 0x0800022f   Thumb Code     0  startup_stm32f10x_hd.o(.text)
    DMA2_Channel1_IRQHandler                 0x0800022f   Thumb Code     0  startup_stm32f10x_hd.o(.text)
    DMA2_Channel2_IRQHandler                 0x0800022f   Thumb Code     0  startup_stm32f10x_hd.o(.text)
    DMA2_Channel3_IRQHandler                 0x0800022f   Thumb Code     0  startup_stm32f10x_hd.o(.text)
    DMA2_Channel4_5_IRQHandler               0x0800022f   Thumb Code     0  startup_stm32f10x_hd.o(.text)
    EXTI15_10_IRQHandler                     0x0800022f   Thumb Code     0  startup_stm32f10x_hd.o(.text)
    EXTI1_IRQHandler                         0x0800022f   Thumb Code     0  startup_stm32f10x_hd.o(.text)
    FLASH_IRQHandler                         0x0800022f   Thumb Code     0  startup_stm32f10x_hd.o(.text)
    FSMC_IRQHandler                          0x0800022f   Thumb Code     0  startup_stm32f10x_hd.o(.text)
    I2C1_ER_IRQHandler                       0x0800022f   Thumb Code     0  startup_stm32f10x_hd.o(.text)
    I2C1_EV_IRQHandler                       0x0800022f   Thumb Code     0  startup_stm32f10x_hd.o(.text)
    I2C2_ER_IRQHandler                       0x0800022f   Thumb Code     0  startup_stm32f10x_hd.o(.text)
    I2C2_EV_IRQHandler                       0x0800022f   Thumb Code     0  startup_stm32f10x_hd.o(.text)
    PVD_IRQHandler                           0x0800022f   Thumb Code     0  startup_stm32f10x_hd.o(.text)
    RCC_IRQHandler                           0x0800022f   Thumb Code     0  startup_stm32f10x_hd.o(.text)
    RTCAlarm_IRQHandler                      0x0800022f   Thumb Code     0  startup_stm32f10x_hd.o(.text)
    SDIO_IRQHandler                          0x0800022f   Thumb Code     0  startup_stm32f10x_hd.o(.text)
    SPI1_IRQHandler                          0x0800022f   Thumb Code     0  startup_stm32f10x_hd.o(.text)
    SPI2_IRQHandler                          0x0800022f   Thumb Code     0  startup_stm32f10x_hd.o(.text)
    SPI3_IRQHandler                          0x0800022f   Thumb Code     0  startup_stm32f10x_hd.o(.text)
    TAMPER_IRQHandler                        0x0800022f   Thumb Code     0  startup_stm32f10x_hd.o(.text)
    TIM1_BRK_IRQHandler                      0x0800022f   Thumb Code     0  startup_stm32f10x_hd.o(.text)
    TIM1_CC_IRQHandler                       0x0800022f   Thumb Code     0  startup_stm32f10x_hd.o(.text)
    TIM1_TRG_COM_IRQHandler                  0x0800022f   Thumb Code     0  startup_stm32f10x_hd.o(.text)
    TIM1_UP_IRQHandler                       0x0800022f   Thumb Code     0  startup_stm32f10x_hd.o(.text)
    TIM4_IRQHandler                          0x0800022f   Thumb Code     0  startup_stm32f10x_hd.o(.text)
    TIM6_IRQHandler                          0x0800022f   Thumb Code     0  startup_stm32f10x_hd.o(.text)
    TIM7_IRQHandler                          0x0800022f   Thumb Code     0  startup_stm32f10x_hd.o(.text)
    TIM8_BRK_IRQHandler                      0x0800022f   Thumb Code     0  startup_stm32f10x_hd.o(.text)
    TIM8_CC_IRQHandler                       0x0800022f   Thumb Code     0  startup_stm32f10x_hd.o(.text)
    TIM8_TRG_COM_IRQHandler                  0x0800022f   Thumb Code     0  startup_stm32f10x_hd.o(.text)
    TIM8_UP_IRQHandler                       0x0800022f   Thumb Code     0  startup_stm32f10x_hd.o(.text)
    UART4_IRQHandler                         0x0800022f   Thumb Code     0  startup_stm32f10x_hd.o(.text)
    UART5_IRQHandler                         0x0800022f   Thumb Code     0  startup_stm32f10x_hd.o(.text)
    USART2_IRQHandler                        0x0800022f   Thumb Code     0  startup_stm32f10x_hd.o(.text)
    USBWakeUp_IRQHandler                     0x0800022f   Thumb Code     0  startup_stm32f10x_hd.o(.text)
    USB_HP_CAN1_TX_IRQHandler                0x0800022f   Thumb Code     0  startup_stm32f10x_hd.o(.text)
    USB_LP_CAN1_RX0_IRQHandler               0x0800022f   Thumb Code     0  startup_stm32f10x_hd.o(.text)
    __user_initial_stackheap                 0x08000231   Thumb Code     0  startup_stm32f10x_hd.o(.text)
    __use_no_semihosting                     0x08000255   Thumb Code     2  use_no_semi_2.o(.text)
    __use_two_region_memory                  0x08000257   Thumb Code     2  heapauxi.o(.text)
    __rt_heap_escrow$2region                 0x08000259   Thumb Code     2  heapauxi.o(.text)
    __rt_heap_expand$2region                 0x0800025b   Thumb Code     2  heapauxi.o(.text)
    __I$use$semihosting                      0x0800025d   Thumb Code     0  use_no_semi.o(.text)
    __use_no_semihosting_swi                 0x0800025d   Thumb Code     2  use_no_semi.o(.text)
    __user_libspace                          0x08000261   Thumb Code     8  libspace.o(.text)
    __user_perproc_libspace                  0x08000261   Thumb Code     0  libspace.o(.text)
    __user_perthread_libspace                0x08000261   Thumb Code     0  libspace.o(.text)
    __user_setup_stackheap                   0x08000269   Thumb Code    74  sys_stackheap_outer.o(.text)
    exit                                     0x080002b3   Thumb Code    18  exit.o(.text)
    ADC_Cmd                                  0x080002c5   Thumb Code    22  stm32f10x_adc.o(i.ADC_Cmd)
    ADC_DeInit                               0x080002dd   Thumb Code    78  stm32f10x_adc.o(i.ADC_DeInit)
    ADC_GetCalibrationStatus                 0x08000339   Thumb Code    20  stm32f10x_adc.o(i.ADC_GetCalibrationStatus)
    ADC_GetConversionValue                   0x0800034d   Thumb Code     8  stm32f10x_adc.o(i.ADC_GetConversionValue)
    ADC_GetFlagStatus                        0x08000355   Thumb Code    18  stm32f10x_adc.o(i.ADC_GetFlagStatus)
    ADC_GetResetCalibrationStatus            0x08000367   Thumb Code    20  stm32f10x_adc.o(i.ADC_GetResetCalibrationStatus)
    ADC_Init                                 0x0800037d   Thumb Code    70  stm32f10x_adc.o(i.ADC_Init)
    ADC_RegularChannelConfig                 0x080003cd   Thumb Code   184  stm32f10x_adc.o(i.ADC_RegularChannelConfig)
    ADC_ResetCalibration                     0x08000485   Thumb Code    10  stm32f10x_adc.o(i.ADC_ResetCalibration)
    ADC_SoftwareStartConvCmd                 0x0800048f   Thumb Code    22  stm32f10x_adc.o(i.ADC_SoftwareStartConvCmd)
    ADC_StartCalibration                     0x080004a5   Thumb Code    10  stm32f10x_adc.o(i.ADC_StartCalibration)
    Adc_Init                                 0x080004b1   Thumb Code   132  adc.o(i.Adc_Init)
    BusFault_Handler                         0x0800053d   Thumb Code     4  stm32f10x_it.o(i.BusFault_Handler)
    Check_WKUP                               0x08000541   Thumb Code    98  wkup.o(i.Check_WKUP)
    DebugMon_Handler                         0x080005ad   Thumb Code     2  stm32f10x_it.o(i.DebugMon_Handler)
    EXTI0_IRQHandler                         0x080005af   Thumb Code    20  wkup.o(i.EXTI0_IRQHandler)
    EXTI2_IRQHandler                         0x080005c3   Thumb Code    16  exti.o(i.EXTI2_IRQHandler)
    EXTI3_IRQHandler                         0x080005d3   Thumb Code    16  exti.o(i.EXTI3_IRQHandler)
    EXTI4_IRQHandler                         0x080005e3   Thumb Code    16  exti.o(i.EXTI4_IRQHandler)
    EXTI9_5_IRQHandler                       0x080005f5   Thumb Code   140  ultrasonicwave.o(i.EXTI9_5_IRQHandler)
    EXTI_ClearITPendingBit                   0x08000691   Thumb Code     6  stm32f10x_exti.o(i.EXTI_ClearITPendingBit)
    EXTI_GetITStatus                         0x0800069d   Thumb Code    34  stm32f10x_exti.o(i.EXTI_GetITStatus)
    EXTI_Init                                0x080006c5   Thumb Code   142  stm32f10x_exti.o(i.EXTI_Init)
    GPIO_EXTILineConfig                      0x08000759   Thumb Code    60  stm32f10x_gpio.o(i.GPIO_EXTILineConfig)
    GPIO_Init                                0x08000799   Thumb Code   278  stm32f10x_gpio.o(i.GPIO_Init)
    GPIO_PinRemapConfig                      0x080008b1   Thumb Code   138  stm32f10x_gpio.o(i.GPIO_PinRemapConfig)
    GPIO_ReadInputDataBit                    0x08000941   Thumb Code    18  stm32f10x_gpio.o(i.GPIO_ReadInputDataBit)
    GPIO_ResetBits                           0x08000953   Thumb Code     4  stm32f10x_gpio.o(i.GPIO_ResetBits)
    GPIO_SetBits                             0x08000957   Thumb Code     4  stm32f10x_gpio.o(i.GPIO_SetBits)
    Get_Adc                                  0x0800095d   Thumb Code    46  adc.o(i.Get_Adc)
    Get_Adc_Average                          0x08000991   Thumb Code    46  adc.o(i.Get_Adc_Average)
    HardFault_Handler                        0x080009bf   Thumb Code     4  stm32f10x_it.o(i.HardFault_Handler)
    I2C_GPIO_Config                          0x080009c5   Thumb Code    50  iic_color.o(i.I2C_GPIO_Config)
    I2C_RecvByte                             0x080009fd   Thumb Code    78  iic_color.o(i.I2C_RecvByte)
    I2C_SendACK                              0x08000a51   Thumb Code    52  iic_color.o(i.I2C_SendACK)
    I2C_SendByte                             0x08000a89   Thumb Code    76  iic_color.o(i.I2C_SendByte)
    I2C_Start                                0x08000ad9   Thumb Code    90  iic_color.o(i.I2C_Start)
    I2C_Stop                                 0x08000b39   Thumb Code    42  iic_color.o(i.I2C_Stop)
    I2C_WaitAck                              0x08000b69   Thumb Code    92  iic_color.o(i.I2C_WaitAck)
    IO_path                                  0x08000bc9   Thumb Code    38  led.o(i.IO_path)
    Is_Leap_Year                             0x08000bf5   Thumb Code    58  rtc.o(i.Is_Leap_Year)
    KEY_Scan                                 0x08000c31   Thumb Code   108  key.o(i.KEY_Scan)
    MemManage_Handler                        0x08000ca1   Thumb Code     4  stm32f10x_it.o(i.MemManage_Handler)
    Motor_PWM_Init                           0x08000ca5   Thumb Code   228  timer.o(i.Motor_PWM_Init)
    NMI_Handler                              0x08000d95   Thumb Code     2  stm32f10x_it.o(i.NMI_Handler)
    NVIC_Configuration                       0x08000d97   Thumb Code    12  sys.o(i.NVIC_Configuration)
    NVIC_Init                                0x08000da5   Thumb Code   100  misc.o(i.NVIC_Init)
    NVIC_PriorityGroupConfig                 0x08000e15   Thumb Code    10  misc.o(i.NVIC_PriorityGroupConfig)
    OLED_Clear                               0x08000e29   Thumb Code    64  oled1.o(i.OLED_Clear)
    OLED_Init                                0x08000e69   Thumb Code   386  oled1.o(i.OLED_Init)
    OLED_Set_Pos                             0x08000ff9   Thumb Code    46  oled1.o(i.OLED_Set_Pos)
    OLED_ShowChar                            0x08001029   Thumb Code   106  oled1.o(i.OLED_ShowChar)
    OLED_ShowNum                             0x08001099   Thumb Code   132  oled1.o(i.OLED_ShowNum)
    OLED_ShowString                          0x0800111d   Thumb Code    54  oled1.o(i.OLED_ShowString)
    OLED_WR_Byte                             0x08001155   Thumb Code   126  oled1.o(i.OLED_WR_Byte)
    PWR_EnterSTANDBYMode                     0x080011d9   Thumb Code    42  stm32f10x_pwr.o(i.PWR_EnterSTANDBYMode)
    PWR_WakeUpPinCmd                         0x0800120d   Thumb Code     6  stm32f10x_pwr.o(i.PWR_WakeUpPinCmd)
    PendSV_Handler                           0x08001219   Thumb Code     2  stm32f10x_it.o(i.PendSV_Handler)
    RCC_ADCCLKConfig                         0x0800121d   Thumb Code    18  stm32f10x_rcc.o(i.RCC_ADCCLKConfig)
    RCC_APB1PeriphClockCmd                   0x08001235   Thumb Code    26  stm32f10x_rcc.o(i.RCC_APB1PeriphClockCmd)
    RCC_APB2PeriphClockCmd                   0x08001255   Thumb Code    26  stm32f10x_rcc.o(i.RCC_APB2PeriphClockCmd)
    RCC_APB2PeriphResetCmd                   0x08001275   Thumb Code    26  stm32f10x_rcc.o(i.RCC_APB2PeriphResetCmd)
    RTC_ClearITPendingBit                    0x08001295   Thumb Code    12  stm32f10x_rtc.o(i.RTC_ClearITPendingBit)
    RTC_Get                                  0x080012a5   Thumb Code   240  rtc.o(i.RTC_Get)
    RTC_GetCounter                           0x080013a5   Thumb Code    16  stm32f10x_rtc.o(i.RTC_GetCounter)
    RTC_GetITStatus                          0x080013b9   Thumb Code    32  stm32f10x_rtc.o(i.RTC_GetITStatus)
    RTC_Get_Week                             0x080013dd   Thumb Code   116  rtc.o(i.RTC_Get_Week)
    RTC_IRQHandler                           0x08001455   Thumb Code    40  rtc.o(i.RTC_IRQHandler)
    RTC_WaitForLastTask                      0x0800147d   Thumb Code    16  stm32f10x_rtc.o(i.RTC_WaitForLastTask)
    SVC_Handler                              0x08001491   Thumb Code     2  stm32f10x_it.o(i.SVC_Handler)
    Servo_PWM_Init                           0x08001495   Thumb Code   136  timer.o(i.Servo_PWM_Init)
    Single_ReadI2C                           0x08001611   Thumb Code   150  iic_color.o(i.Single_ReadI2C)
    SysTick_CLKSourceConfig                  0x080016a7   Thumb Code    40  misc.o(i.SysTick_CLKSourceConfig)
    SysTick_Handler                          0x080016cf   Thumb Code     2  stm32f10x_it.o(i.SysTick_Handler)
    Sys_Enter_Standby                        0x080016d1   Thumb Code    18  wkup.o(i.Sys_Enter_Standby)
    Sys_Standby                              0x080016e3   Thumb Code    22  wkup.o(i.Sys_Standby)
    SystemInit                               0x080016f9   Thumb Code    78  system_stm32f10x.o(i.SystemInit)
    TIM2_IRQHandler                          0x08001759   Thumb Code    22  timer_s.o(i.TIM2_IRQHandler)
    TIM3_IRQHandler                          0x08001771   Thumb Code    50  timer.o(i.TIM3_IRQHandler)
    TIM5_Ctrl_Init                           0x080017ad   Thumb Code    88  timer.o(i.TIM5_Ctrl_Init)
    TIM5_IRQHandler                          0x08001809   Thumb Code    58  timer.o(i.TIM5_IRQHandler)
    TIM_ClearITPendingBit                    0x08001851   Thumb Code     6  stm32f10x_tim.o(i.TIM_ClearITPendingBit)
    TIM_Cmd                                  0x08001857   Thumb Code    24  stm32f10x_tim.o(i.TIM_Cmd)
    TIM_GetCounter                           0x0800186f   Thumb Code     6  stm32f10x_tim.o(i.TIM_GetCounter)
    TIM_GetITStatus                          0x08001875   Thumb Code    34  stm32f10x_tim.o(i.TIM_GetITStatus)
    TIM_ITConfig                             0x08001897   Thumb Code    18  stm32f10x_tim.o(i.TIM_ITConfig)
    TIM_SetCounter                           0x080018a9   Thumb Code     4  stm32f10x_tim.o(i.TIM_SetCounter)
    TIM_TimeBaseInit                         0x080018ad   Thumb Code   122  stm32f10x_tim.o(i.TIM_TimeBaseInit)
    Timerx_Init_s                            0x08001951   Thumb Code    92  timer_s.o(i.Timerx_Init_s)
    USART1_IRQHandler                        0x080019ad   Thumb Code   122  usart.o(i.USART1_IRQHandler)
    USART3_IRQHandler                        0x08001a35   Thumb Code    24  usart.o(i.USART3_IRQHandler)
    USART_GetITStatus                        0x08001a51   Thumb Code    84  stm32f10x_usart.o(i.USART_GetITStatus)
    USART_ReceiveData                        0x08001aa5   Thumb Code    10  stm32f10x_usart.o(i.USART_ReceiveData)
    UltrasonicWave_Configuration             0x08001ab1   Thumb Code   132  ultrasonicwave.o(i.UltrasonicWave_Configuration)
    UltrasonicWave_StartMeasure              0x08001b3d   Thumb Code    30  ultrasonicwave.o(i.UltrasonicWave_StartMeasure)
    UsageFault_Handler                       0x08001b61   Thumb Code     4  stm32f10x_it.o(i.UsageFault_Handler)
    WWDG_ClearFlag                           0x08001b65   Thumb Code     8  stm32f10x_wwdg.o(i.WWDG_ClearFlag)
    WWDG_IRQHandler                          0x08001b71   Thumb Code    16  wdg.o(i.WWDG_IRQHandler)
    WWDG_SetCounter                          0x08001b85   Thumb Code    10  stm32f10x_wwdg.o(i.WWDG_SetCounter)
    _sys_exit                                0x08001b95   Thumb Code     4  usart.o(i._sys_exit)
    delay_1us                                0x08001b99   Thumb Code    22  iic_color.o(i.delay_1us)
    delay_init                               0x08001bb1   Thumb Code    50  delay.o(i.delay_init)
    delay_ms                                 0x08001bf5   Thumb Code    72  delay.o(i.delay_ms)
    delay_us                                 0x08001c41   Thumb Code    72  delay.o(i.delay_us)
    init_all                                 0x08001c8d   Thumb Code    20  main.o(i.init_all)
    keyInit                                  0x08001ca1   Thumb Code    58  key.o(i.keyInit)
    main                                     0x08001ce5   Thumb Code   788  main.o(i.main)
    oled_pow                                 0x08002039   Thumb Code    22  oled1.o(i.oled_pow)
    pinSetHigh                               0x0800204f   Thumb Code    56  led.o(i.pinSetHigh)
    pinSetHigh_ONE                           0x08002087   Thumb Code    16  led.o(i.pinSetHigh_ONE)
    pinSetlow                                0x08002097   Thumb Code    56  led.o(i.pinSetlow)
    pinSetlow_ONE                            0x080020cf   Thumb Code    16  led.o(i.pinSetlow_ONE)
    __aeabi_d2f                              0x080020e1   Thumb Code     0  d2f.o(x$fpl$d2f)
    _d2f                                     0x080020e1   Thumb Code    98  d2f.o(x$fpl$d2f)
    __aeabi_ddiv                             0x08002145   Thumb Code     0  ddiv.o(x$fpl$ddiv)
    _ddiv                                    0x08002145   Thumb Code   552  ddiv.o(x$fpl$ddiv)
    __aeabi_i2d                              0x080023f5   Thumb Code     0  dflt_clz.o(x$fpl$dflt)
    _dflt                                    0x080023f5   Thumb Code    46  dflt_clz.o(x$fpl$dflt)
    __fpl_dnaninf                            0x08002423   Thumb Code   156  dnaninf.o(x$fpl$dnaninf)
    __fpl_dretinf                            0x080024bf   Thumb Code    12  dretinf.o(x$fpl$dretinf)
    __aeabi_fadd                             0x080024cd   Thumb Code     0  faddsub_clz.o(x$fpl$fadd)
    _fadd                                    0x080024cd   Thumb Code   196  faddsub_clz.o(x$fpl$fadd)
    __fpl_fcmp_Inf                           0x08002591   Thumb Code    24  fcmpi.o(x$fpl$fcmpinf)
    __aeabi_f2iz                             0x080025a9   Thumb Code     0  ffix.o(x$fpl$ffix)
    _ffix                                    0x080025a9   Thumb Code    54  ffix.o(x$fpl$ffix)
    __aeabi_i2f                              0x080025e1   Thumb Code     0  fflt_clz.o(x$fpl$fflt)
    _fflt                                    0x080025e1   Thumb Code    48  fflt_clz.o(x$fpl$fflt)
    __aeabi_cfcmple                          0x08002611   Thumb Code     0  fleqf.o(x$fpl$fleqf)
    _fcmple                                  0x08002611   Thumb Code   104  fleqf.o(x$fpl$fleqf)
    __fpl_fcmple_InfNaN                      0x08002663   Thumb Code     0  fleqf.o(x$fpl$fleqf)
    __aeabi_fmul                             0x08002679   Thumb Code     0  fmul.o(x$fpl$fmul)
    _fmul                                    0x08002679   Thumb Code   258  fmul.o(x$fpl$fmul)
    __fpl_fnaninf                            0x0800277b   Thumb Code   140  fnaninf.o(x$fpl$fnaninf)
    __fpl_fretinf                            0x08002807   Thumb Code    10  fretinf.o(x$fpl$fretinf)
    __aeabi_cfrcmple                         0x08002811   Thumb Code     0  frleqf.o(x$fpl$frleqf)
    _frcmple                                 0x08002811   Thumb Code    98  frleqf.o(x$fpl$frleqf)
    __aeabi_frsub                            0x08002873   Thumb Code     0  faddsub_clz.o(x$fpl$frsb)
    _frsb                                    0x08002873   Thumb Code    20  faddsub_clz.o(x$fpl$frsb)
    __aeabi_fsub                             0x08002889   Thumb Code     0  faddsub_clz.o(x$fpl$fsub)
    _fsub                                    0x08002889   Thumb Code   234  faddsub_clz.o(x$fpl$fsub)
    F6x8                                     0x08002972   Data         552  oled1.o(.constdata)
    __I$use$fp                               0x08002972   Number         0  usenofp.o(x$fpl$usenofp)
    F8X16                                    0x08002b9a   Data        1520  oled1.o(.constdata)
    table_week                               0x0800318a   Data          12  rtc.o(.constdata)
    mon_table                                0x08003196   Data          12  rtc.o(.constdata)
    Region$$Table$$Base                      0x080031a4   Number         0  anon$$obj.o(Region$$Table)
    Region$$Table$$Limit                     0x080031c4   Number         0  anon$$obj.o(Region$$Table)
    BMP1                                     0x20000000   Data        1024  main.o(.data)
    BMP2                                     0x20000400   Data        1024  main.o(.data)
    gImage_view                              0x20000800   Data         774  main.o(.data)
    RTC_Init_flag                            0x20000b06   Data           1  main.o(.data)
    Motor_A                                  0x20000b08   Data           4  main.o(.data)
    Motor_B                                  0x20000b0c   Data           4  main.o(.data)
    Servo                                    0x20000b10   Data           4  main.o(.data)
    Target_A                                 0x20000b14   Data           4  main.o(.data)
    Target_B                                 0x20000b18   Data           4  main.o(.data)
    Velocity                                 0x20000b1c   Data           4  main.o(.data)
    Velocity_Set                             0x20000b20   Data           4  main.o(.data)
    Angle                                    0x20000b24   Data           4  main.o(.data)
    Angle_Set                                0x20000b28   Data           4  main.o(.data)
    flag_chaosheng                           0x20000b2c   Data           4  main.o(.data)
    flag_hongwai                             0x20000b30   Data           4  main.o(.data)
    dis_cao_int                              0x20000b34   Data           4  main.o(.data)
    UltrasonicWave_Distance                  0x20000b38   Data           4  main.o(.data)
    val                                      0x20000b3c   Data           4  main.o(.data)
    UltrasonicWave_Distance_temp             0x20000b40   Data           4  main.o(.data)
    adc_value                                0x20000b44   Data           4  main.o(.data)
    adc_value_point                          0x20000b48   Data           4  main.o(.data)
    temp                                     0x20000b4c   Data           4  main.o(.data)
    re_straight_flag                         0x20000b50   Data           4  main.o(.data)
    flag_change                              0x20000b54   Data           4  main.o(.data)
    SystemCoreClock                          0x20000b58   Data           4  system_stm32f10x.o(.data)
    AHBPrescTable                            0x20000b5c   Data          16  system_stm32f10x.o(.data)
    WWDG_CNT                                 0x20000b6c   Data           1  wdg.o(.data)
    __stdout                                 0x20000b74   Data           4  usart.o(.data)
    USART_RX_STA                             0x20000b78   Data           2  usart.o(.data)
    calendar                                 0x20000b7c   Data          10  rtc.o(.bss)
    USART_RX_BUF                             0x20000b86   Data         200  usart.o(.bss)
    __libspace_start                         0x20000c50   Data          96  libspace.o(.bss)
    __temporary_stack_top$libspace           0x20000cb0   Data           0  libspace.o(.bss)



==============================================================================

Memory Map of the image

  Image Entry point : 0x08000215

  Load Region LR_1 (Base: 0x08000000, Size: 0x00003d40, Max: 0xffffffff, ABSOLUTE, COMPRESSED[0x0000361c])

    Execution Region ER_RO (Exec base: 0x08000000, Load base: 0x08000000, Size: 0x000031c4, Max: 0xffffffff, ABSOLUTE)

    Exec Addr    Load Addr    Size         Type   Attr      Idx    E Section Name        Object

    0x08000000   0x08000000   0x00000130   Data   RO         3301    RESET               startup_stm32f10x_hd.o
    0x08000130   0x08000130   0x00000008   Code   RO         4736  * !!!main             c_w.l(__main.o)
    0x08000138   0x08000138   0x00000034   Code   RO         5033    !!!scatter          c_w.l(__scatter.o)
    0x0800016c   0x0800016c   0x00000064   Code   RO         5031    !!dclz77c           c_w.l(__dclz77c.o)
    0x080001d0   0x080001d0   0x0000001c   Code   RO         5035    !!handler_zi        c_w.l(__scatter_zi.o)
    0x080001ec   0x080001ec   0x00000002   Code   RO         4902    .ARM.Collect$$libinit$$00000000  c_w.l(libinit.o)
    0x080001ee   0x080001ee   0x00000000   Code   RO         4908    .ARM.Collect$$libinit$$00000002  c_w.l(libinit2.o)
    0x080001ee   0x080001ee   0x00000000   Code   RO         4910    .ARM.Collect$$libinit$$00000004  c_w.l(libinit2.o)
    0x080001ee   0x080001ee   0x00000000   Code   RO         4913    .ARM.Collect$$libinit$$0000000A  c_w.l(libinit2.o)
    0x080001ee   0x080001ee   0x00000000   Code   RO         4915    .ARM.Collect$$libinit$$0000000C  c_w.l(libinit2.o)
    0x080001ee   0x080001ee   0x00000000   Code   RO         4917    .ARM.Collect$$libinit$$0000000E  c_w.l(libinit2.o)
    0x080001ee   0x080001ee   0x00000000   Code   RO         4920    .ARM.Collect$$libinit$$00000011  c_w.l(libinit2.o)
    0x080001ee   0x080001ee   0x00000000   Code   RO         4922    .ARM.Collect$$libinit$$00000013  c_w.l(libinit2.o)
    0x080001ee   0x080001ee   0x00000000   Code   RO         4924    .ARM.Collect$$libinit$$00000015  c_w.l(libinit2.o)
    0x080001ee   0x080001ee   0x00000000   Code   RO         4926    .ARM.Collect$$libinit$$00000017  c_w.l(libinit2.o)
    0x080001ee   0x080001ee   0x00000000   Code   RO         4928    .ARM.Collect$$libinit$$00000019  c_w.l(libinit2.o)
    0x080001ee   0x080001ee   0x00000000   Code   RO         4930    .ARM.Collect$$libinit$$0000001B  c_w.l(libinit2.o)
    0x080001ee   0x080001ee   0x00000000   Code   RO         4932    .ARM.Collect$$libinit$$0000001D  c_w.l(libinit2.o)
    0x080001ee   0x080001ee   0x00000000   Code   RO         4934    .ARM.Collect$$libinit$$0000001F  c_w.l(libinit2.o)
    0x080001ee   0x080001ee   0x00000000   Code   RO         4936    .ARM.Collect$$libinit$$00000021  c_w.l(libinit2.o)
    0x080001ee   0x080001ee   0x00000000   Code   RO         4938    .ARM.Collect$$libinit$$00000023  c_w.l(libinit2.o)
    0x080001ee   0x080001ee   0x00000000   Code   RO         4940    .ARM.Collect$$libinit$$00000025  c_w.l(libinit2.o)
    0x080001ee   0x080001ee   0x00000000   Code   RO         4944    .ARM.Collect$$libinit$$0000002C  c_w.l(libinit2.o)
    0x080001ee   0x080001ee   0x00000000   Code   RO         4946    .ARM.Collect$$libinit$$0000002E  c_w.l(libinit2.o)
    0x080001ee   0x080001ee   0x00000000   Code   RO         4948    .ARM.Collect$$libinit$$00000030  c_w.l(libinit2.o)
    0x080001ee   0x080001ee   0x00000000   Code   RO         4950    .ARM.Collect$$libinit$$00000032  c_w.l(libinit2.o)
    0x080001ee   0x080001ee   0x00000002   Code   RO         4951    .ARM.Collect$$libinit$$00000033  c_w.l(libinit2.o)
    0x080001f0   0x080001f0   0x00000002   Code   RO         4973    .ARM.Collect$$libshutdown$$00000000  c_w.l(libshutdown.o)
    0x080001f2   0x080001f2   0x00000000   Code   RO         4983    .ARM.Collect$$libshutdown$$00000002  c_w.l(libshutdown2.o)
    0x080001f2   0x080001f2   0x00000000   Code   RO         4985    .ARM.Collect$$libshutdown$$00000004  c_w.l(libshutdown2.o)
    0x080001f2   0x080001f2   0x00000000   Code   RO         4988    .ARM.Collect$$libshutdown$$00000007  c_w.l(libshutdown2.o)
    0x080001f2   0x080001f2   0x00000000   Code   RO         4991    .ARM.Collect$$libshutdown$$0000000A  c_w.l(libshutdown2.o)
    0x080001f2   0x080001f2   0x00000000   Code   RO         4993    .ARM.Collect$$libshutdown$$0000000C  c_w.l(libshutdown2.o)
    0x080001f2   0x080001f2   0x00000000   Code   RO         4996    .ARM.Collect$$libshutdown$$0000000F  c_w.l(libshutdown2.o)
    0x080001f2   0x080001f2   0x00000002   Code   RO         4997    .ARM.Collect$$libshutdown$$00000010  c_w.l(libshutdown2.o)
    0x080001f4   0x080001f4   0x00000000   Code   RO         4804    .ARM.Collect$$rtentry$$00000000  c_w.l(__rtentry.o)
    0x080001f4   0x080001f4   0x00000000   Code   RO         4853    .ARM.Collect$$rtentry$$00000002  c_w.l(__rtentry2.o)
    0x080001f4   0x080001f4   0x00000006   Code   RO         4865    .ARM.Collect$$rtentry$$00000004  c_w.l(__rtentry4.o)
    0x080001fa   0x080001fa   0x00000000   Code   RO         4855    .ARM.Collect$$rtentry$$00000009  c_w.l(__rtentry2.o)
    0x080001fa   0x080001fa   0x00000004   Code   RO         4856    .ARM.Collect$$rtentry$$0000000A  c_w.l(__rtentry2.o)
    0x080001fe   0x080001fe   0x00000000   Code   RO         4858    .ARM.Collect$$rtentry$$0000000C  c_w.l(__rtentry2.o)
    0x080001fe   0x080001fe   0x00000008   Code   RO         4859    .ARM.Collect$$rtentry$$0000000D  c_w.l(__rtentry2.o)
    0x08000206   0x08000206   0x00000002   Code   RO         4905    .ARM.Collect$$rtexit$$00000000  c_w.l(rtexit.o)
    0x08000208   0x08000208   0x00000000   Code   RO         4955    .ARM.Collect$$rtexit$$00000002  c_w.l(rtexit2.o)
    0x08000208   0x08000208   0x00000004   Code   RO         4956    .ARM.Collect$$rtexit$$00000003  c_w.l(rtexit2.o)
    0x0800020c   0x0800020c   0x00000006   Code   RO         4957    .ARM.Collect$$rtexit$$00000004  c_w.l(rtexit2.o)
    0x08000212   0x08000212   0x00000002   PAD
    0x08000214   0x08000214   0x00000040   Code   RO         3302  * .text               startup_stm32f10x_hd.o
    0x08000254   0x08000254   0x00000002   Code   RO         4673    .text               c_w.l(use_no_semi_2.o)
    0x08000256   0x08000256   0x00000006   Code   RO         4734    .text               c_w.l(heapauxi.o)
    0x0800025c   0x0800025c   0x00000002   Code   RO         4802    .text               c_w.l(use_no_semi.o)
    0x0800025e   0x0800025e   0x00000002   PAD
    0x08000260   0x08000260   0x00000008   Code   RO         4888    .text               c_w.l(libspace.o)
    0x08000268   0x08000268   0x0000004a   Code   RO         4891    .text               c_w.l(sys_stackheap_outer.o)
    0x080002b2   0x080002b2   0x00000012   Code   RO         4895    .text               c_w.l(exit.o)
    0x080002c4   0x080002c4   0x00000016   Code   RO          363    i.ADC_Cmd           stm32f10x_adc.o
    0x080002da   0x080002da   0x00000002   PAD
    0x080002dc   0x080002dc   0x0000005c   Code   RO          365    i.ADC_DeInit        stm32f10x_adc.o
    0x08000338   0x08000338   0x00000014   Code   RO          371    i.ADC_GetCalibrationStatus  stm32f10x_adc.o
    0x0800034c   0x0800034c   0x00000008   Code   RO          372    i.ADC_GetConversionValue  stm32f10x_adc.o
    0x08000354   0x08000354   0x00000012   Code   RO          374    i.ADC_GetFlagStatus  stm32f10x_adc.o
    0x08000366   0x08000366   0x00000014   Code   RO          377    i.ADC_GetResetCalibrationStatus  stm32f10x_adc.o
    0x0800037a   0x0800037a   0x00000002   PAD
    0x0800037c   0x0800037c   0x00000050   Code   RO          381    i.ADC_Init          stm32f10x_adc.o
    0x080003cc   0x080003cc   0x000000b8   Code   RO          385    i.ADC_RegularChannelConfig  stm32f10x_adc.o
    0x08000484   0x08000484   0x0000000a   Code   RO          386    i.ADC_ResetCalibration  stm32f10x_adc.o
    0x0800048e   0x0800048e   0x00000016   Code   RO          388    i.ADC_SoftwareStartConvCmd  stm32f10x_adc.o
    0x080004a4   0x080004a4   0x0000000a   Code   RO          390    i.ADC_StartCalibration  stm32f10x_adc.o
    0x080004ae   0x080004ae   0x00000002   PAD
    0x080004b0   0x080004b0   0x0000008c   Code   RO         3688    i.Adc_Init          adc.o
    0x0800053c   0x0800053c   0x00000004   Code   RO          198    i.BusFault_Handler  stm32f10x_it.o
    0x08000540   0x08000540   0x0000006c   Code   RO         4075    i.Check_WKUP        wkup.o
    0x080005ac   0x080005ac   0x00000002   Code   RO          199    i.DebugMon_Handler  stm32f10x_it.o
    0x080005ae   0x080005ae   0x00000014   Code   RO         4076    i.EXTI0_IRQHandler  wkup.o
    0x080005c2   0x080005c2   0x00000010   Code   RO         3425    i.EXTI2_IRQHandler  exti.o
    0x080005d2   0x080005d2   0x00000010   Code   RO         3426    i.EXTI3_IRQHandler  exti.o
    0x080005e2   0x080005e2   0x00000010   Code   RO         3427    i.EXTI4_IRQHandler  exti.o
    0x080005f2   0x080005f2   0x00000002   PAD
    0x080005f4   0x080005f4   0x0000009c   Code   RO         4319    i.EXTI9_5_IRQHandler  ultrasonicwave.o
    0x08000690   0x08000690   0x0000000c   Code   RO         1119    i.EXTI_ClearITPendingBit  stm32f10x_exti.o
    0x0800069c   0x0800069c   0x00000028   Code   RO         1123    i.EXTI_GetITStatus  stm32f10x_exti.o
    0x080006c4   0x080006c4   0x00000094   Code   RO         1124    i.EXTI_Init         stm32f10x_exti.o
    0x08000758   0x08000758   0x00000040   Code   RO         1469    i.GPIO_EXTILineConfig  stm32f10x_gpio.o
    0x08000798   0x08000798   0x00000116   Code   RO         1472    i.GPIO_Init         stm32f10x_gpio.o
    0x080008ae   0x080008ae   0x00000002   PAD
    0x080008b0   0x080008b0   0x00000090   Code   RO         1474    i.GPIO_PinRemapConfig  stm32f10x_gpio.o
    0x08000940   0x08000940   0x00000012   Code   RO         1476    i.GPIO_ReadInputDataBit  stm32f10x_gpio.o
    0x08000952   0x08000952   0x00000004   Code   RO         1479    i.GPIO_ResetBits    stm32f10x_gpio.o
    0x08000956   0x08000956   0x00000004   Code   RO         1480    i.GPIO_SetBits      stm32f10x_gpio.o
    0x0800095a   0x0800095a   0x00000002   PAD
    0x0800095c   0x0800095c   0x00000034   Code   RO         3689    i.Get_Adc           adc.o
    0x08000990   0x08000990   0x0000002e   Code   RO         3690    i.Get_Adc_Average   adc.o
    0x080009be   0x080009be   0x00000004   Code   RO          200    i.HardFault_Handler  stm32f10x_it.o
    0x080009c2   0x080009c2   0x00000002   PAD
    0x080009c4   0x080009c4   0x00000038   Code   RO         4343    i.I2C_GPIO_Config   iic_color.o
    0x080009fc   0x080009fc   0x00000054   Code   RO         4344    i.I2C_RecvByte      iic_color.o
    0x08000a50   0x08000a50   0x00000038   Code   RO         4345    i.I2C_SendACK       iic_color.o
    0x08000a88   0x08000a88   0x00000050   Code   RO         4346    i.I2C_SendByte      iic_color.o
    0x08000ad8   0x08000ad8   0x00000060   Code   RO         4347    i.I2C_Start         iic_color.o
    0x08000b38   0x08000b38   0x00000030   Code   RO         4348    i.I2C_Stop          iic_color.o
    0x08000b68   0x08000b68   0x00000060   Code   RO         4349    i.I2C_WaitAck       iic_color.o
    0x08000bc8   0x08000bc8   0x0000002c   Code   RO         3306    i.IO_path           led.o
    0x08000bf4   0x08000bf4   0x0000003a   Code   RO         4016    i.Is_Leap_Year      rtc.o
    0x08000c2e   0x08000c2e   0x00000002   PAD
    0x08000c30   0x08000c30   0x00000070   Code   RO         3378    i.KEY_Scan          key.o
    0x08000ca0   0x08000ca0   0x00000004   Code   RO          201    i.MemManage_Handler  stm32f10x_it.o
    0x08000ca4   0x08000ca4   0x000000f0   Code   RO         3507    i.Motor_PWM_Init    timer.o
    0x08000d94   0x08000d94   0x00000002   Code   RO          202    i.NMI_Handler       stm32f10x_it.o
    0x08000d96   0x08000d96   0x0000000c   Code   RO         4435    i.NVIC_Configuration  sys.o
    0x08000da2   0x08000da2   0x00000002   PAD
    0x08000da4   0x08000da4   0x00000070   Code   RO          321    i.NVIC_Init         misc.o
    0x08000e14   0x08000e14   0x00000014   Code   RO          322    i.NVIC_PriorityGroupConfig  misc.o
    0x08000e28   0x08000e28   0x00000040   Code   RO         3594    i.OLED_Clear        oled1.o
    0x08000e68   0x08000e68   0x00000190   Code   RO         3598    i.OLED_Init         oled1.o
    0x08000ff8   0x08000ff8   0x0000002e   Code   RO         3599    i.OLED_Set_Pos      oled1.o
    0x08001026   0x08001026   0x00000002   PAD
    0x08001028   0x08001028   0x00000070   Code   RO         3601    i.OLED_ShowChar     oled1.o
    0x08001098   0x08001098   0x00000084   Code   RO         3602    i.OLED_ShowNum      oled1.o
    0x0800111c   0x0800111c   0x00000036   Code   RO         3603    i.OLED_ShowString   oled1.o
    0x08001152   0x08001152   0x00000002   PAD
    0x08001154   0x08001154   0x00000084   Code   RO         3604    i.OLED_WR_Byte      oled1.o
    0x080011d8   0x080011d8   0x00000034   Code   RO         1829    i.PWR_EnterSTANDBYMode  stm32f10x_pwr.o
    0x0800120c   0x0800120c   0x0000000c   Code   RO         1834    i.PWR_WakeUpPinCmd  stm32f10x_pwr.o
    0x08001218   0x08001218   0x00000002   Code   RO          203    i.PendSV_Handler    stm32f10x_it.o
    0x0800121a   0x0800121a   0x00000002   PAD
    0x0800121c   0x0800121c   0x00000018   Code   RO         1886    i.RCC_ADCCLKConfig  stm32f10x_rcc.o
    0x08001234   0x08001234   0x00000020   Code   RO         1888    i.RCC_APB1PeriphClockCmd  stm32f10x_rcc.o
    0x08001254   0x08001254   0x00000020   Code   RO         1890    i.RCC_APB2PeriphClockCmd  stm32f10x_rcc.o
    0x08001274   0x08001274   0x00000020   Code   RO         1891    i.RCC_APB2PeriphResetCmd  stm32f10x_rcc.o
    0x08001294   0x08001294   0x00000010   Code   RO         2087    i.RTC_ClearITPendingBit  stm32f10x_rtc.o
    0x080012a4   0x080012a4   0x00000100   Code   RO         4017    i.RTC_Get           rtc.o
    0x080013a4   0x080013a4   0x00000014   Code   RO         2090    i.RTC_GetCounter    stm32f10x_rtc.o
    0x080013b8   0x080013b8   0x00000024   Code   RO         2093    i.RTC_GetITStatus   stm32f10x_rtc.o
    0x080013dc   0x080013dc   0x00000078   Code   RO         4018    i.RTC_Get_Week      rtc.o
    0x08001454   0x08001454   0x00000028   Code   RO         4019    i.RTC_IRQHandler    rtc.o
    0x0800147c   0x0800147c   0x00000014   Code   RO         2098    i.RTC_WaitForLastTask  stm32f10x_rtc.o
    0x08001490   0x08001490   0x00000002   Code   RO          204    i.SVC_Handler       stm32f10x_it.o
    0x08001492   0x08001492   0x00000002   PAD
    0x08001494   0x08001494   0x00000094   Code   RO         3508    i.Servo_PWM_Init    timer.o
    0x08001528   0x08001528   0x00000008   Code   RO          287    i.SetSysClock       system_stm32f10x.o
    0x08001530   0x08001530   0x000000e0   Code   RO          288    i.SetSysClockTo72   system_stm32f10x.o
    0x08001610   0x08001610   0x00000096   Code   RO         4350    i.Single_ReadI2C    iic_color.o
    0x080016a6   0x080016a6   0x00000028   Code   RO          325    i.SysTick_CLKSourceConfig  misc.o
    0x080016ce   0x080016ce   0x00000002   Code   RO          205    i.SysTick_Handler   stm32f10x_it.o
    0x080016d0   0x080016d0   0x00000012   Code   RO         4077    i.Sys_Enter_Standby  wkup.o
    0x080016e2   0x080016e2   0x00000016   Code   RO         4078    i.Sys_Standby       wkup.o
    0x080016f8   0x080016f8   0x00000060   Code   RO          290    i.SystemInit        system_stm32f10x.o
    0x08001758   0x08001758   0x00000016   Code   RO         4301    i.TIM2_IRQHandler   timer_s.o
    0x0800176e   0x0800176e   0x00000002   PAD
    0x08001770   0x08001770   0x0000003c   Code   RO         3510    i.TIM3_IRQHandler   timer.o
    0x080017ac   0x080017ac   0x0000005c   Code   RO         3514    i.TIM5_Ctrl_Init    timer.o
    0x08001808   0x08001808   0x00000048   Code   RO         3515    i.TIM5_IRQHandler   timer.o
    0x08001850   0x08001850   0x00000006   Code   RO         2517    i.TIM_ClearITPendingBit  stm32f10x_tim.o
    0x08001856   0x08001856   0x00000018   Code   RO         2522    i.TIM_Cmd           stm32f10x_tim.o
    0x0800186e   0x0800186e   0x00000006   Code   RO         2541    i.TIM_GetCounter    stm32f10x_tim.o
    0x08001874   0x08001874   0x00000022   Code   RO         2543    i.TIM_GetITStatus   stm32f10x_tim.o
    0x08001896   0x08001896   0x00000012   Code   RO         2547    i.TIM_ITConfig      stm32f10x_tim.o
    0x080018a8   0x080018a8   0x00000004   Code   RO         2587    i.TIM_SetCounter    stm32f10x_tim.o
    0x080018ac   0x080018ac   0x000000a4   Code   RO         2593    i.TIM_TimeBaseInit  stm32f10x_tim.o
    0x08001950   0x08001950   0x0000005c   Code   RO         4302    i.Timerx_Init_s     timer_s.o
    0x080019ac   0x080019ac   0x00000088   Code   RO         4447    i.USART1_IRQHandler  usart.o
    0x08001a34   0x08001a34   0x0000001c   Code   RO         4448    i.USART3_IRQHandler  usart.o
    0x08001a50   0x08001a50   0x00000054   Code   RO         3062    i.USART_GetITStatus  stm32f10x_usart.o
    0x08001aa4   0x08001aa4   0x0000000a   Code   RO         3072    i.USART_ReceiveData  stm32f10x_usart.o
    0x08001aae   0x08001aae   0x00000002   PAD
    0x08001ab0   0x08001ab0   0x0000008c   Code   RO         4320    i.UltrasonicWave_Configuration  ultrasonicwave.o
    0x08001b3c   0x08001b3c   0x00000024   Code   RO         4321    i.UltrasonicWave_StartMeasure  ultrasonicwave.o
    0x08001b60   0x08001b60   0x00000004   Code   RO          206    i.UsageFault_Handler  stm32f10x_it.o
    0x08001b64   0x08001b64   0x0000000c   Code   RO         3234    i.WWDG_ClearFlag    stm32f10x_wwdg.o
    0x08001b70   0x08001b70   0x00000014   Code   RO         3460    i.WWDG_IRQHandler   wdg.o
    0x08001b84   0x08001b84   0x00000010   Code   RO         3239    i.WWDG_SetCounter   stm32f10x_wwdg.o
    0x08001b94   0x08001b94   0x00000004   Code   RO         4449    i._sys_exit         usart.o
    0x08001b98   0x08001b98   0x00000016   Code   RO         4352    i.delay_1us         iic_color.o
    0x08001bae   0x08001bae   0x00000002   PAD
    0x08001bb0   0x08001bb0   0x00000044   Code   RO         4409    i.delay_init        delay.o
    0x08001bf4   0x08001bf4   0x0000004c   Code   RO         4410    i.delay_ms          delay.o
    0x08001c40   0x08001c40   0x0000004c   Code   RO         4411    i.delay_us          delay.o
    0x08001c8c   0x08001c8c   0x00000014   Code   RO            1    i.init_all          main.o
    0x08001ca0   0x08001ca0   0x00000044   Code   RO         3381    i.keyInit           key.o
    0x08001ce4   0x08001ce4   0x00000354   Code   RO            2    i.main              main.o
    0x08002038   0x08002038   0x00000016   Code   RO         3606    i.oled_pow          oled1.o
    0x0800204e   0x0800204e   0x00000038   Code   RO         3310    i.pinSetHigh        led.o
    0x08002086   0x08002086   0x00000010   Code   RO         3311    i.pinSetHigh_ONE    led.o
    0x08002096   0x08002096   0x00000038   Code   RO         3312    i.pinSetlow         led.o
    0x080020ce   0x080020ce   0x00000010   Code   RO         3313    i.pinSetlow_ONE     led.o
    0x080020de   0x080020de   0x00000002   PAD
    0x080020e0   0x080020e0   0x00000062   Code   RO         4738    x$fpl$d2f           fz_ws.l(d2f.o)
    0x08002142   0x08002142   0x00000002   PAD
    0x08002144   0x08002144   0x000002b0   Code   RO         4747    x$fpl$ddiv          fz_ws.l(ddiv.o)
    0x080023f4   0x080023f4   0x0000002e   Code   RO         4755    x$fpl$dflt          fz_ws.l(dflt_clz.o)
    0x08002422   0x08002422   0x0000009c   Code   RO         4816    x$fpl$dnaninf       fz_ws.l(dnaninf.o)
    0x080024be   0x080024be   0x0000000c   Code   RO         4818    x$fpl$dretinf       fz_ws.l(dretinf.o)
    0x080024ca   0x080024ca   0x00000002   PAD
    0x080024cc   0x080024cc   0x000000c4   Code   RO         4766    x$fpl$fadd          fz_ws.l(faddsub_clz.o)
    0x08002590   0x08002590   0x00000018   Code   RO         4880    x$fpl$fcmpinf       fz_ws.l(fcmpi.o)
    0x080025a8   0x080025a8   0x00000036   Code   RO         4776    x$fpl$ffix          fz_ws.l(ffix.o)
    0x080025de   0x080025de   0x00000002   PAD
    0x080025e0   0x080025e0   0x00000030   Code   RO         4785    x$fpl$fflt          fz_ws.l(fflt_clz.o)
    0x08002610   0x08002610   0x00000068   Code   RO         4820    x$fpl$fleqf         fz_ws.l(fleqf.o)
    0x08002678   0x08002678   0x00000102   Code   RO         4790    x$fpl$fmul          fz_ws.l(fmul.o)
    0x0800277a   0x0800277a   0x0000008c   Code   RO         4822    x$fpl$fnaninf       fz_ws.l(fnaninf.o)
    0x08002806   0x08002806   0x0000000a   Code   RO         4824    x$fpl$fretinf       fz_ws.l(fretinf.o)
    0x08002810   0x08002810   0x00000062   Code   RO         4792    x$fpl$frleqf        fz_ws.l(frleqf.o)
    0x08002872   0x08002872   0x00000014   Code   RO         4767    x$fpl$frsb          fz_ws.l(faddsub_clz.o)
    0x08002886   0x08002886   0x00000002   PAD
    0x08002888   0x08002888   0x000000ea   Code   RO         4768    x$fpl$fsub          fz_ws.l(faddsub_clz.o)
    0x08002972   0x08002972   0x00000000   Code   RO         4826    x$fpl$usenofp       fz_ws.l(usenofp.o)
    0x08002972   0x08002972   0x00000818   Data   RO         3607    .constdata          oled1.o
    0x0800318a   0x0800318a   0x00000018   Data   RO         4024    .constdata          rtc.o
    0x080031a2   0x080031a2   0x00000002   PAD
    0x080031a4   0x080031a4   0x00000020   Data   RO         5029    Region$$Table       anon$$obj.o


    Execution Region ER_RW (Exec base: 0x20000000, Load base: 0x080031c4, Size: 0x00000b7c, Max: 0xffffffff, ABSOLUTE, COMPRESSED[0x00000458])

    Exec Addr    Load Addr    Size         Type   Attr      Idx    E Section Name        Object

    0x20000000   COMPRESSED   0x00000b58   Data   RW            4    .data               main.o
    0x20000b58   COMPRESSED   0x00000014   Data   RW          291    .data               system_stm32f10x.o
    0x20000b6c   COMPRESSED   0x00000001   Data   RW         3464    .data               wdg.o
    0x20000b6d   COMPRESSED   0x00000001   PAD
    0x20000b6e   COMPRESSED   0x00000002   Data   RW         4025    .data               rtc.o
    0x20000b70   COMPRESSED   0x00000004   Data   RW         4412    .data               delay.o
    0x20000b74   COMPRESSED   0x00000006   Data   RW         4454    .data               usart.o


    Execution Region ER_ZI (Exec base: 0x20000b7c, Load base: 0x0800361c, Size: 0x00000734, Max: 0xffffffff, ABSOLUTE)

    Exec Addr    Load Addr    Size         Type   Attr      Idx    E Section Name        Object

    0x20000b7c        -       0x0000000a   Zero   RW         4023    .bss                rtc.o
    0x20000b86        -       0x000000c8   Zero   RW         4453    .bss                usart.o
    0x20000c4e   0x0800361c   0x00000002   PAD
    0x20000c50        -       0x00000060   Zero   RW         4889    .bss                c_w.l(libspace.o)
    0x20000cb0        -       0x00000200   Zero   RW         3300    HEAP                startup_stm32f10x_hd.o
    0x20000eb0        -       0x00000400   Zero   RW         3299    STACK               startup_stm32f10x_hd.o


==============================================================================

Image component sizes


      Code (inc. data)   RO Data    RW Data    ZI Data      Debug   Object Name

       238         14          0          0          0       1879   adc.o
         0          0          0          0          0         32   core_cm3.o
       220         26          0          4          0       1863   delay.o
        48          0          0          0          0       1509   exti.o
       688         36          0          0          0       6148   iic_color.o
       180         14          0          0          0       1141   key.o
       188          6          0          0          0       3760   led.o
       872         64          0       2904          0     259352   main.o
       172         22          0          0          0       2321   misc.o
       962         26       2072          0          0       6176   oled1.o
       474         20         24          2         10       3933   rtc.o
        64         26        304          0       1536        780   startup_stm32f10x_hd.o
       486         24          0          0          0       9154   stm32f10x_adc.o
       200         18          0          0          0       2376   stm32f10x_exti.o
       512         10          0          0          0       5488   stm32f10x_gpio.o
        26          0          0          0          0       4042   stm32f10x_it.o
        64         16          0          0          0       1070   stm32f10x_pwr.o
       120         24          0          0          0       2398   stm32f10x_rcc.o
        92         16          0          0          0       2221   stm32f10x_rtc.o
       256         42          0          0          0       5032   stm32f10x_tim.o
        94          0          0          0          0       2968   stm32f10x_usart.o
        28         10          0          0          0       1047   stm32f10x_wwdg.o
        12          0          0          0          0        489   sys.o
       328         28          0         20          0       2385   system_stm32f10x.o
       612         52          0          0          0       2975   timer.o
       114          0          0          0          0       1242   timer_s.o
       332         30          0          0          0       1954   ultrasonicwave.o
       168         18          0          6        200       3700   usart.o
        20          4          0          1          0        757   wdg.o
       168         10          0          0          0       2122   wkup.o

    ----------------------------------------------------------------------
      7772        556       2434       2940       1748     340314   Object Totals
         0          0         32          0          0          0   (incl. Generated)
        34          0          2          3          2          0   (incl. Padding)

    ----------------------------------------------------------------------

      Code (inc. data)   RO Data    RW Data    ZI Data      Debug   Library Member Name

       100          0          0          0          0          0   __dclz77c.o
         8          0          0          0          0         68   __main.o
         0          0          0          0          0          0   __rtentry.o
        12          0          0          0          0          0   __rtentry2.o
         6          0          0          0          0          0   __rtentry4.o
        52          8          0          0          0          0   __scatter.o
        28          0          0          0          0          0   __scatter_zi.o
        18          0          0          0          0         80   exit.o
         6          0          0          0          0        152   heapauxi.o
         2          0          0          0          0          0   libinit.o
         2          0          0          0          0          0   libinit2.o
         2          0          0          0          0          0   libshutdown.o
         2          0          0          0          0          0   libshutdown2.o
         8          4          0          0         96         68   libspace.o
         2          0          0          0          0          0   rtexit.o
        10          0          0          0          0          0   rtexit2.o
        74          0          0          0          0         80   sys_stackheap_outer.o
         2          0          0          0          0         68   use_no_semi.o
         2          0          0          0          0         68   use_no_semi_2.o
        98          4          0          0          0         92   d2f.o
       688        140          0          0          0        208   ddiv.o
        46          0          0          0          0         68   dflt_clz.o
       156          4          0          0          0         92   dnaninf.o
        12          0          0          0          0         68   dretinf.o
       450          8          0          0          0        236   faddsub_clz.o
        24          0          0          0          0         68   fcmpi.o
        54          4          0          0          0         84   ffix.o
        48          0          0          0          0         68   fflt_clz.o
       104          4          0          0          0         84   fleqf.o
       258          4          0          0          0         84   fmul.o
       140          4          0          0          0         84   fnaninf.o
        10          0          0          0          0         68   fretinf.o
        98          0          0          0          0         68   frleqf.o
         0          0          0          0          0          0   usenofp.o

    ----------------------------------------------------------------------
      2534        184          0          0         96       1956   Library Totals
        12          0          0          0          0          0   (incl. Padding)

    ----------------------------------------------------------------------

      Code (inc. data)   RO Data    RW Data    ZI Data      Debug   Library Name

       336         12          0          0         96        584   c_w.l
      2186        172          0          0          0       1372   fz_ws.l

    ----------------------------------------------------------------------
      2534        184          0          0         96       1956   Library Totals

    ----------------------------------------------------------------------

==============================================================================


      Code (inc. data)   RO Data    RW Data    ZI Data      Debug   

     10306        740       2434       2940       1844     335610   Grand Totals
     10306        740       2434       1112       1844     335610   ELF Image Totals (compressed)
     10306        740       2434       1112          0          0   ROM Totals

==============================================================================

    Total RO  Size (Code + RO Data)                12740 (  12.44kB)
    Total RW  Size (RW Data + ZI Data)              4784 (   4.67kB)
    Total ROM Size (Code + RO Data + RW Data)      13852 (  13.53kB)

==============================================================================

